PREPACK shuffle_control seed0: windows=531789 tokens=136137895 sents=9993037
PREPACK shuffle_control seed14: windows=531789 tokens=136137895 sents=9993037
PREPACK shuffle_control seed41: windows=531789 tokens=136137895 sents=9993037
PREPACK shuffle_control seed53: windows=531789 tokens=136137895 sents=9993037
PREPACK shuffle_control seed96: windows=531789 tokens=136137895 sents=9993037
PREPACK reverse_full seed0: windows=573391 tokens=146788081 sents=9993909
PREPACK reverse_full seed14: windows=573391 tokens=146788081 sents=9993909
PREPACK reverse_full seed41: windows=573391 tokens=146788081 sents=9993909
PREPACK reverse_full seed53: windows=573391 tokens=146788081 sents=9993909
PREPACK reverse_full seed96: windows=573391 tokens=146788081 sents=9993909
PREPACK reverse_control seed0: windows=573391 tokens=146788081 sents=9993909
PREPACK reverse_control seed14: windows=573391 tokens=146788081 sents=9993909
PREPACK reverse_control seed41: windows=573391 tokens=146788081 sents=9993909
PREPACK reverse_control seed53: windows=573391 tokens=146788081 sents=9993909
PREPACK reverse_control seed96: windows=573391 tokens=146788081 sents=9993909
PREPACK parity_word seed0: windows=571393 tokens=146276506 sents=10042376
PREPACK parity_word seed14: windows=571393 tokens=146276506 sents=10042376
PREPACK parity_word seed41: windows=571393 tokens=146276506 sents=10042376
PREPACK parity_word seed53: windows=571393 tokens=146276506 sents=10042376
PREPACK parity_word seed96: windows=571393 tokens=146276506 sents=10042376
PREPACK parity_tok seed0: windows=571393 tokens=146276506 sents=10042376
PREPACK parity_tok seed14: windows=571393 tokens=146276506 sents=10042376
PREPACK parity_tok seed41: windows=571393 tokens=146276506 sents=10042376
PREPACK parity_tok seed53: windows=571393 tokens=146276506 sents=10042376
PREPACK parity_tok seed96: windows=571393 tokens=146276506 sents=10042376
PREPACK negtok seed0: windows=570814 tokens=146128384 sents=9993030
PREPACK negtok seed14: windows=570814 tokens=146128384 sents=9993030
PREPACK negtok seed41: windows=570814 tokens=146128384 sents=9993030
PREPACK negtok seed0: windows=570814 tokens=146128384 sents=9993030
PREPACK negtok seed53: windows=570814 tokens=146128384 sents=9993030
PREPACK negtok seed96: windows=570814 tokens=146128384 sents=9993030
PREPACK negtok seed14: windows=570814 tokens=146128384 sents=9993030
PREPACK fixed_start seed0: windows=571392 tokens=146276352 sents=10042376
PREPACK negtok seed41: windows=570814 tokens=146128384 sents=9993030
PREPACK fixed_start seed14: windows=571392 tokens=146276352 sents=10042376
PREPACK negtok seed53: windows=570814 tokens=146128384 sents=9993030
PREPACK fixed_start seed41: windows=571392 tokens=146276352 sents=10042376
PREPACK fixed_start seed53: windows=571392 tokens=146276352 sents=10042376
PREPACK negtok seed96: windows=570814 tokens=146128384 sents=9993030
PREPACK fixed_start seed96: windows=571392 tokens=146276352 sents=10042376
PREPACK fixed_start seed0: windows=571392 tokens=146276352 sents=10042376
PREPACK fixed_start seed14: windows=571392 tokens=146276352 sents=10042376
PREPACK fixed_start seed41: windows=571392 tokens=146276352 sents=10042376
PREPACK fixed_start seed53: windows=571392 tokens=146276352 sents=10042376
PREPACK fixed_start seed96: windows=571392 tokens=146276352 sents=10042376
PREPACK negtok seed0: windows=570814 tokens=146128384 sents=9993030
PREPACK negtok seed14: windows=570814 tokens=146128384 sents=9993030
PREPACK negtok seed41: windows=570814 tokens=146128384 sents=9993030
PREPACK negtok seed53: windows=570814 tokens=146128384 sents=9993030
PREPACK negtok seed96: windows=570814 tokens=146128384 sents=9993030
PREPACK fixed_start seed0: windows=571392 tokens=146276352 sents=10042376
PREPACK fixed_start seed14: windows=571392 tokens=146276352 sents=10042376
PREPACK fixed_start seed41: windows=571392 tokens=146276352 sents=10042376
PREPACK fixed_start seed53: windows=571392 tokens=146276352 sents=10042376
PREPACK fixed_start seed96: windows=571392 tokens=146276352 sents=10042376
PREPACK negtok seed0: windows=570814 tokens=146128384 sents=9993030
PREPACK negtok seed14: windows=570814 tokens=146128384 sents=9993030
PREPACK negtok seed41: windows=570814 tokens=146128384 sents=9993030
PREPACK negtok seed53: windows=570814 tokens=146128384 sents=9993030
PREPACK negtok seed96: windows=570814 tokens=146128384 sents=9993030
PREPACK fixed_start seed0: windows=571392 tokens=146276352 sents=10042376
PREPACK fixed_start seed14: windows=571392 tokens=146276352 sents=10042376
PREPACK fixed_start seed41: windows=571392 tokens=146276352 sents=10042376
PREPACK fixed_start seed53: windows=571392 tokens=146276352 sents=10042376
PREPACK shuffle_control seed53: windows=531788 tokens=136137728 sents=9993037
PREPACK reverse_full seed14: windows=573390 tokens=146787840 sents=9993909
PREPACK reverse_full seed41: windows=573390 tokens=146787840 sents=9993909
PREPACK reverse_full seed53: windows=573390 tokens=146787840 sents=9993909
PREPACK reverse_full seed96: windows=573390 tokens=146787840 sents=9993909
PREPACK reverse_control seed0: windows=573390 tokens=146787840 sents=9993909
PREPACK reverse_control seed14: windows=573390 tokens=146787840 sents=9993909
PREPACK reverse_control seed41: windows=573390 tokens=146787840 sents=9993909
PREPACK reverse_control seed53: windows=573390 tokens=146787840 sents=9993909
PREPACK reverse_control seed96: windows=573390 tokens=146787840 sents=9993909
PREPACK parity_word seed0: windows=571392 tokens=146276352 sents=10042376
PREPACK parity_word seed14: windows=571392 tokens=146276352 sents=10042376
PREPACK parity_word seed41: windows=571392 tokens=146276352 sents=10042376
PREPACK parity_word seed53: windows=571392 tokens=146276352 sents=10042376
PREPACK parity_word seed96: windows=571392 tokens=146276352 sents=10042376
PREPACK parity_tok seed0: windows=571392 tokens=146276352 sents=10042376
PREPACK parity_tok seed14: windows=571392 tokens=146276352 sents=10042376
PREPACK parity_tok seed41: windows=571392 tokens=146276352 sents=10042376
PREPACK parity_tok seed53: windows=571392 tokens=146276352 sents=10042376
PREPACK parity_tok seed96: windows=571392 tokens=146276352 sents=10042376
