[2026-09-19T10:10:53+08:00] fetching official BabyLM per-genre files via HF mirror (cambridge-climb/BabyLM)
kallini corpus words: 93237077
[2026-09-19T10:19:35+08:00] shim-tagging train + test (per genre)
[2026-09-19T10:20:59+08:00] perturbing train (100M) + test splits with their perturb.py
[2026-09-19T10:20:59+08:00] generating v3 class-P datasets
[2026-09-19T10:21:10+08:00] V3 PERTURB FAIL
[2026-09-19T10:24:14+08:00] perturbing train (100M) + test splits with their perturb.py
[2026-09-19T10:24:14+08:00] generating v3 class-P datasets
[2026-09-19T10:24:21+08:00] V3 PERTURB FAIL
[2026-09-19T10:27:24+08:00] perturbing train (100M) + test splits with their perturb.py
[2026-09-19T10:27:24+08:00] generating v3 class-P datasets
[2026-09-19T10:27:32+08:00] V3 PERTURB FAIL
[2026-09-19T10:30:35+08:00] perturbing train (100M) + test splits with their perturb.py
[2026-09-19T10:30:35+08:00] generating v3 class-P datasets
[2026-09-19T10:30:43+08:00] V3 PERTURB FAIL
[2026-09-19T10:33:47+08:00] perturbing train (100M) + test splits with their perturb.py
[2026-09-19T10:33:48+08:00] generating v3 class-P datasets
[2026-09-19T10:33:55+08:00] V3 PERTURB FAIL
[2026-09-19T10:36:58+08:00] perturbing train (100M) + test splits with their perturb.py
[2026-09-19T10:36:59+08:00] generating v3 class-P datasets
[2026-09-19T10:37:06+08:00] V3 PERTURB FAIL
[2026-09-19T10:40:09+08:00] perturbing train (100M) + test splits with their perturb.py
[2026-09-19T10:40:09+08:00] generating v3 class-P datasets
[2026-09-19T10:40:17+08:00] V3 PERTURB FAIL
[2026-09-19T10:43:20+08:00] perturbing train (100M) + test splits with their perturb.py
[2026-09-19T10:43:20+08:00] generating v3 class-P datasets
已终止
[2026-09-19T11:10:53+08:00] V3 PERTURB FAIL
[2026-09-19T11:13:56+08:00] perturbing train (100M) + test splits with their perturb.py
[2026-09-19T11:14:06+08:00] FAIL shuffle_control/seed0
[2026-09-19T11:14:14+08:00] FAIL shuffle_nondeterministic/seed0
[2026-09-19T11:14:22+08:00] FAIL shuffle_deterministic21/seed0
[2026-09-19T11:14:30+08:00] FAIL shuffle_local3/seed0
[2026-09-19T11:14:38+08:00] FAIL shuffle_local10/seed0
[2026-09-19T11:14:45+08:00] FAIL shuffle_even_odd/seed0
[2026-09-19T11:14:55+08:00] FAIL reverse_control/seed0
[2026-09-19T11:15:03+08:00] FAIL reverse_partial/seed0
[2026-09-19T11:15:11+08:00] FAIL reverse_full/seed0
[2026-09-19T11:15:19+08:00] FAIL shuffle_control/seed14
[2026-09-19T11:15:27+08:00] FAIL shuffle_nondeterministic/seed14
[2026-09-19T11:15:35+08:00] FAIL shuffle_deterministic21/seed14
[2026-09-19T11:15:43+08:00] FAIL shuffle_local3/seed14
[2026-09-19T11:15:52+08:00] FAIL shuffle_local10/seed14
[2026-09-19T11:16:01+08:00] FAIL shuffle_even_odd/seed14
[2026-09-19T11:16:09+08:00] FAIL reverse_control/seed14
[2026-09-19T11:16:18+08:00] FAIL reverse_partial/seed14
[2026-09-19T11:16:26+08:00] FAIL reverse_full/seed14
[2026-09-19T11:16:34+08:00] FAIL shuffle_control/seed41
[2026-09-19T11:16:42+08:00] FAIL shuffle_nondeterministic/seed41
[2026-09-19T11:16:50+08:00] FAIL shuffle_deterministic21/seed41
[2026-09-19T11:16:59+08:00] FAIL shuffle_local3/seed41
[2026-09-19T11:17:06+08:00] FAIL shuffle_local10/seed41
[2026-09-19T11:17:14+08:00] FAIL shuffle_even_odd/seed41
[2026-09-19T11:17:21+08:00] FAIL reverse_control/seed41
[2026-09-19T11:17:29+08:00] FAIL reverse_partial/seed41
[2026-09-19T11:17:37+08:00] FAIL reverse_full/seed41
[2026-09-19T11:17:44+08:00] FAIL parity_word/seed0
[2026-09-19T11:17:52+08:00] FAIL fixed_start/seed0
[2026-09-19T11:18:00+08:00] FAIL parity_tok/seed0
[2026-09-19T11:18:07+08:00] FAIL negtok/seed0
[2026-09-19T11:18:15+08:00] FAIL parity_word/seed14
[2026-09-19T11:18:22+08:00] FAIL fixed_start/seed14
[2026-09-19T11:18:29+08:00] FAIL parity_tok/seed14
[2026-09-19T11:18:38+08:00] FAIL negtok/seed14
[2026-09-19T11:18:45+08:00] FAIL parity_word/seed41
[2026-09-19T11:18:52+08:00] FAIL fixed_start/seed41
[2026-09-19T11:19:00+08:00] FAIL parity_tok/seed41
[2026-09-19T11:19:08+08:00] FAIL negtok/seed41
[2026-09-19T11:19:15+08:00] FAIL 2x parity_word/seed0
[2026-09-19T11:19:23+08:00] FAIL 2x fixed_start/seed0
[2026-09-19T11:19:31+08:00] FAIL 2x shuffle_control/seed0
[2026-09-19T11:19:31+08:00] kallini pass done: 0 runs complete, 42 failures
[2026-09-19T11:22:34+08:00] perturbing train (100M) + test splits with their perturb.py
[2026-09-19T11:22:42+08:00] FAIL shuffle_control/seed0
[2026-09-19T11:22:50+08:00] FAIL shuffle_nondeterministic/seed0
[2026-09-19T11:22:59+08:00] FAIL shuffle_deterministic21/seed0
[2026-09-19T11:23:07+08:00] FAIL shuffle_local3/seed0
[2026-09-19T11:23:15+08:00] FAIL shuffle_local10/seed0
[2026-09-19T11:23:23+08:00] FAIL shuffle_even_odd/seed0
[2026-09-19T11:23:31+08:00] FAIL reverse_control/seed0
[2026-09-19T11:23:39+08:00] FAIL reverse_partial/seed0
[2026-09-19T11:23:47+08:00] FAIL reverse_full/seed0
[2026-09-19T11:23:55+08:00] FAIL shuffle_control/seed14
[2026-09-19T11:24:03+08:00] FAIL shuffle_nondeterministic/seed14
[2026-09-19T11:24:11+08:00] FAIL shuffle_deterministic21/seed14
[2026-09-19T11:24:20+08:00] FAIL shuffle_local3/seed14
[2026-09-19T11:24:28+08:00] FAIL shuffle_local10/seed14
[2026-09-19T11:24:36+08:00] FAIL shuffle_even_odd/seed14
[2026-09-19T11:24:44+08:00] FAIL reverse_control/seed14
[2026-09-19T11:24:52+08:00] FAIL reverse_partial/seed14
[2026-09-19T11:24:59+08:00] FAIL reverse_full/seed14
[2026-09-19T11:25:07+08:00] FAIL shuffle_control/seed41
[2026-09-19T11:25:15+08:00] FAIL shuffle_nondeterministic/seed41
[2026-09-19T11:25:23+08:00] FAIL shuffle_deterministic21/seed41
[2026-09-19T11:25:31+08:00] FAIL shuffle_local3/seed41
[2026-09-19T11:25:39+08:00] FAIL shuffle_local10/seed41
[2026-09-19T11:25:46+08:00] FAIL shuffle_even_odd/seed41
[2026-09-19T11:25:53+08:00] FAIL reverse_control/seed41
[2026-09-19T11:26:01+08:00] FAIL reverse_partial/seed41
[2026-09-19T11:26:09+08:00] FAIL reverse_full/seed41
[2026-09-19T11:26:16+08:00] FAIL parity_word/seed0
[2026-09-19T11:26:24+08:00] FAIL fixed_start/seed0
[2026-09-19T11:26:31+08:00] FAIL parity_tok/seed0
[2026-09-19T11:26:38+08:00] FAIL negtok/seed0
[2026-09-19T11:26:45+08:00] FAIL parity_word/seed14
[2026-09-19T11:26:53+08:00] FAIL fixed_start/seed14
[2026-09-19T11:27:00+08:00] FAIL parity_tok/seed14
[2026-09-19T11:27:07+08:00] FAIL negtok/seed14
[2026-09-19T11:27:15+08:00] FAIL parity_word/seed41
[2026-09-19T11:27:22+08:00] FAIL fixed_start/seed41
[2026-09-19T11:27:29+08:00] FAIL parity_tok/seed41
[2026-09-19T11:27:37+08:00] FAIL negtok/seed41
[2026-09-19T11:27:45+08:00] FAIL 2x parity_word/seed0
[2026-09-19T11:27:53+08:00] FAIL 2x fixed_start/seed0
[2026-09-19T11:28:01+08:00] FAIL 2x shuffle_control/seed0
[2026-09-19T11:28:01+08:00] kallini pass done: 0 runs complete, 42 failures
[2026-09-19T11:31:04+08:00] perturbing train (100M) + test splits with their perturb.py
[2026-09-19T11:31:12+08:00] FAIL shuffle_control/seed0
[2026-09-19T11:31:20+08:00] FAIL shuffle_nondeterministic/seed0
[2026-09-19T11:31:28+08:00] FAIL shuffle_deterministic21/seed0
[2026-09-19T11:31:36+08:00] FAIL shuffle_local3/seed0
[2026-09-19T11:31:44+08:00] FAIL shuffle_local10/seed0
[2026-09-19T11:31:52+08:00] FAIL shuffle_even_odd/seed0
[2026-09-19T11:32:00+08:00] FAIL reverse_control/seed0
[2026-09-19T11:32:09+08:00] FAIL reverse_partial/seed0
[2026-09-19T11:32:18+08:00] FAIL reverse_full/seed0
[2026-09-19T11:32:26+08:00] FAIL shuffle_control/seed14
[2026-09-19T11:32:33+08:00] FAIL shuffle_nondeterministic/seed14
[2026-09-19T11:32:42+08:00] FAIL shuffle_deterministic21/seed14
[2026-09-19T11:32:50+08:00] FAIL shuffle_local3/seed14
[2026-09-19T11:32:59+08:00] FAIL shuffle_local10/seed14
[2026-09-19T11:33:07+08:00] FAIL shuffle_even_odd/seed14
[2026-09-19T11:33:16+08:00] FAIL reverse_control/seed14
[2026-09-19T11:33:24+08:00] FAIL reverse_partial/seed14
[2026-09-19T11:33:32+08:00] FAIL reverse_full/seed14
[2026-09-19T11:33:40+08:00] FAIL shuffle_control/seed41
[2026-09-19T11:33:48+08:00] FAIL shuffle_nondeterministic/seed41
[2026-09-19T11:33:56+08:00] FAIL shuffle_deterministic21/seed41
[2026-09-19T11:34:04+08:00] FAIL shuffle_local3/seed41
[2026-09-19T11:34:12+08:00] FAIL shuffle_local10/seed41
[2026-09-19T11:34:19+08:00] FAIL shuffle_even_odd/seed41
[2026-09-19T11:34:27+08:00] FAIL reverse_control/seed41
[2026-09-19T11:34:35+08:00] FAIL reverse_partial/seed41
[2026-09-19T11:34:43+08:00] FAIL reverse_full/seed41
[2026-09-19T11:34:50+08:00] FAIL parity_word/seed0
[2026-09-19T11:34:58+08:00] FAIL fixed_start/seed0
[2026-09-19T11:35:05+08:00] FAIL parity_tok/seed0
[2026-09-19T11:35:13+08:00] FAIL negtok/seed0
[2026-09-19T11:35:20+08:00] FAIL parity_word/seed14
[2026-09-19T11:35:28+08:00] FAIL fixed_start/seed14
[2026-09-19T11:35:35+08:00] FAIL parity_tok/seed14
[2026-09-19T11:35:42+08:00] FAIL negtok/seed14
[2026-09-19T11:35:51+08:00] FAIL parity_word/seed41
[2026-09-19T11:35:58+08:00] FAIL fixed_start/seed41
[2026-09-19T11:36:06+08:00] FAIL parity_tok/seed41
[2026-09-19T11:36:14+08:00] FAIL negtok/seed41
[2026-09-19T11:36:22+08:00] FAIL 2x parity_word/seed0
[2026-09-19T11:36:30+08:00] FAIL 2x fixed_start/seed0
[2026-09-19T11:36:39+08:00] FAIL 2x shuffle_control/seed0
[2026-09-19T11:36:39+08:00] kallini pass done: 0 runs complete, 42 failures
[2026-09-19T11:39:42+08:00] perturbing train (100M) + test splits with their perturb.py
[2026-09-19T11:39:50+08:00] FAIL shuffle_control/seed0
[2026-09-19T11:39:59+08:00] FAIL shuffle_nondeterministic/seed0
[2026-09-19T11:40:07+08:00] FAIL shuffle_deterministic21/seed0
[2026-09-19T11:40:15+08:00] FAIL shuffle_local3/seed0
[2026-09-19T11:40:24+08:00] FAIL shuffle_local10/seed0
[2026-09-19T11:40:32+08:00] FAIL shuffle_even_odd/seed0
[2026-09-19T11:40:40+08:00] FAIL reverse_control/seed0
[2026-09-19T11:40:48+08:00] FAIL reverse_partial/seed0
[2026-09-19T11:40:57+08:00] FAIL reverse_full/seed0
[2026-09-19T11:41:06+08:00] FAIL shuffle_control/seed14
[2026-09-19T11:41:14+08:00] FAIL shuffle_nondeterministic/seed14
[2026-09-19T11:41:23+08:00] FAIL shuffle_deterministic21/seed14
[2026-09-19T11:41:32+08:00] FAIL shuffle_local3/seed14
[2026-09-19T11:41:40+08:00] FAIL shuffle_local10/seed14
[2026-09-19T11:41:48+08:00] FAIL shuffle_even_odd/seed14
[2026-09-19T11:41:56+08:00] FAIL reverse_control/seed14
[2026-09-19T11:42:04+08:00] FAIL reverse_partial/seed14
[2026-09-19T11:42:12+08:00] FAIL reverse_full/seed14
[2026-09-19T11:42:20+08:00] FAIL shuffle_control/seed41
[2026-09-19T11:42:28+08:00] FAIL shuffle_nondeterministic/seed41
[2026-09-19T11:42:36+08:00] FAIL shuffle_deterministic21/seed41
[2026-09-19T11:42:44+08:00] FAIL shuffle_local3/seed41
[2026-09-19T11:42:51+08:00] FAIL shuffle_local10/seed41
[2026-09-19T11:42:59+08:00] FAIL shuffle_even_odd/seed41
[2026-09-19T11:43:07+08:00] FAIL reverse_control/seed41
[2026-09-19T11:43:14+08:00] FAIL reverse_partial/seed41
[2026-09-19T11:43:21+08:00] FAIL reverse_full/seed41
[2026-09-19T11:43:28+08:00] FAIL parity_word/seed0
[2026-09-19T11:43:36+08:00] FAIL fixed_start/seed0
[2026-09-19T11:43:44+08:00] FAIL parity_tok/seed0
[2026-09-19T11:43:51+08:00] FAIL negtok/seed0
[2026-09-19T11:43:59+08:00] FAIL parity_word/seed14
[2026-09-19T11:44:06+08:00] FAIL fixed_start/seed14
[2026-09-19T11:44:14+08:00] FAIL parity_tok/seed14
[2026-09-19T11:44:21+08:00] FAIL negtok/seed14
[2026-09-19T11:44:29+08:00] FAIL parity_word/seed41
[2026-09-19T11:44:37+08:00] FAIL fixed_start/seed41
[2026-09-19T11:44:44+08:00] FAIL parity_tok/seed41
[2026-09-19T11:44:52+08:00] FAIL negtok/seed41
[2026-09-19T11:45:00+08:00] FAIL 2x parity_word/seed0
[2026-09-19T11:45:08+08:00] FAIL 2x fixed_start/seed0
[2026-09-19T11:45:15+08:00] FAIL 2x shuffle_control/seed0
[2026-09-19T11:45:16+08:00] kallini pass done: 0 runs complete, 42 failures
[2026-09-19T11:48:19+08:00] perturbing train (100M) + test splits with their perturb.py
[2026-09-19T11:48:27+08:00] FAIL shuffle_control/seed0
[2026-09-19T11:48:35+08:00] FAIL shuffle_nondeterministic/seed0
[2026-09-19T11:48:43+08:00] FAIL shuffle_deterministic21/seed0
[2026-09-19T11:48:50+08:00] FAIL shuffle_local3/seed0
[2026-09-19T11:48:58+08:00] FAIL shuffle_local10/seed0
[2026-09-19T11:49:06+08:00] FAIL shuffle_even_odd/seed0
[2026-09-19T11:49:14+08:00] FAIL reverse_control/seed0
[2026-09-19T11:49:21+08:00] FAIL reverse_partial/seed0
[2026-09-19T11:49:30+08:00] FAIL reverse_full/seed0
[2026-09-19T11:49:38+08:00] FAIL shuffle_control/seed14
[2026-09-19T11:49:45+08:00] FAIL shuffle_nondeterministic/seed14
[2026-09-19T11:49:53+08:00] FAIL shuffle_deterministic21/seed14
[2026-09-19T11:50:01+08:00] FAIL shuffle_local3/seed14
[2026-09-19T11:50:08+08:00] FAIL shuffle_local10/seed14
[2026-09-19T11:50:16+08:00] FAIL shuffle_even_odd/seed14
[2026-09-19T11:50:23+08:00] FAIL reverse_control/seed14
[2026-09-19T11:50:31+08:00] FAIL reverse_partial/seed14
[2026-09-19T11:50:39+08:00] FAIL reverse_full/seed14
[2026-09-19T11:50:47+08:00] FAIL shuffle_control/seed41
[2026-09-19T11:50:54+08:00] FAIL shuffle_nondeterministic/seed41
[2026-09-19T11:51:02+08:00] FAIL shuffle_deterministic21/seed41
[2026-09-19T11:51:09+08:00] FAIL shuffle_local3/seed41
[2026-09-19T11:51:17+08:00] FAIL shuffle_local10/seed41
[2026-09-19T11:51:25+08:00] FAIL shuffle_even_odd/seed41
[2026-09-19T11:51:33+08:00] FAIL reverse_control/seed41
[2026-09-19T11:51:41+08:00] FAIL reverse_partial/seed41
[2026-09-19T11:51:48+08:00] FAIL reverse_full/seed41
[2026-09-19T11:51:56+08:00] FAIL parity_word/seed0
[2026-09-19T11:52:04+08:00] FAIL fixed_start/seed0
[2026-09-19T11:52:13+08:00] FAIL parity_tok/seed0
[2026-09-19T11:52:20+08:00] FAIL negtok/seed0
[2026-09-19T11:52:28+08:00] FAIL parity_word/seed14
[2026-09-19T11:52:37+08:00] FAIL fixed_start/seed14
[2026-09-19T11:52:45+08:00] FAIL parity_tok/seed14
[2026-09-19T11:52:52+08:00] FAIL negtok/seed14
[2026-09-19T11:52:59+08:00] FAIL parity_word/seed41
[2026-09-19T11:53:07+08:00] FAIL fixed_start/seed41
[2026-09-19T11:53:14+08:00] FAIL parity_tok/seed41
[2026-09-19T11:53:21+08:00] FAIL negtok/seed41
[2026-09-19T11:53:29+08:00] FAIL 2x parity_word/seed0
[2026-09-19T11:53:36+08:00] FAIL 2x fixed_start/seed0
[2026-09-19T11:53:44+08:00] FAIL 2x shuffle_control/seed0
[2026-09-19T11:53:44+08:00] kallini pass done: 0 runs complete, 42 failures
[2026-09-19T11:56:47+08:00] perturbing train (100M) + test splits with their perturb.py
[2026-09-19T11:56:56+08:00] FAIL shuffle_control/seed0
[2026-09-19T11:57:04+08:00] FAIL shuffle_nondeterministic/seed0
[2026-09-19T11:57:12+08:00] FAIL shuffle_deterministic21/seed0
[2026-09-19T11:57:20+08:00] FAIL shuffle_local3/seed0
[2026-09-19T11:57:29+08:00] FAIL shuffle_local10/seed0
[2026-09-19T11:57:37+08:00] FAIL shuffle_even_odd/seed0
[2026-09-19T11:57:45+08:00] FAIL reverse_control/seed0
[2026-09-19T11:57:53+08:00] FAIL reverse_partial/seed0
[2026-09-19T11:58:00+08:00] FAIL reverse_full/seed0
[2026-09-19T11:58:09+08:00] FAIL shuffle_control/seed14
[2026-09-19T11:58:16+08:00] FAIL shuffle_nondeterministic/seed14
[2026-09-19T11:58:25+08:00] FAIL shuffle_deterministic21/seed14
[2026-09-19T11:58:33+08:00] FAIL shuffle_local3/seed14
[2026-09-19T11:58:41+08:00] FAIL shuffle_local10/seed14
[2026-09-19T11:58:49+08:00] FAIL shuffle_even_odd/seed14
[2026-09-19T11:58:58+08:00] FAIL reverse_control/seed14
[2026-09-19T11:59:05+08:00] FAIL reverse_partial/seed14
[2026-09-19T11:59:14+08:00] FAIL reverse_full/seed14
[2026-09-19T11:59:22+08:00] FAIL shuffle_control/seed41
[2026-09-19T11:59:30+08:00] FAIL shuffle_nondeterministic/seed41
[2026-09-19T11:59:38+08:00] FAIL shuffle_deterministic21/seed41
[2026-09-19T11:59:46+08:00] FAIL shuffle_local3/seed41
[2026-09-19T11:59:55+08:00] FAIL shuffle_local10/seed41
[2026-09-19T12:00:03+08:00] FAIL shuffle_even_odd/seed41
[2026-09-19T12:00:11+08:00] FAIL reverse_control/seed41
[2026-09-19T12:00:19+08:00] FAIL reverse_partial/seed41
[2026-09-19T12:00:28+08:00] FAIL reverse_full/seed41
[2026-09-19T12:00:37+08:00] FAIL parity_word/seed0
[2026-09-19T12:00:45+08:00] FAIL fixed_start/seed0
[2026-09-19T12:00:53+08:00] FAIL parity_tok/seed0
[2026-09-19T12:01:02+08:00] FAIL negtok/seed0
[2026-09-19T12:01:10+08:00] FAIL parity_word/seed14
[2026-09-19T12:01:18+08:00] FAIL fixed_start/seed14
[2026-09-19T12:01:26+08:00] FAIL parity_tok/seed14
[2026-09-19T12:01:34+08:00] FAIL negtok/seed14
[2026-09-19T12:01:42+08:00] FAIL parity_word/seed41
[2026-09-19T12:01:50+08:00] FAIL fixed_start/seed41
[2026-09-19T12:01:58+08:00] FAIL parity_tok/seed41
[2026-09-19T12:02:07+08:00] FAIL negtok/seed41
[2026-09-19T12:02:16+08:00] FAIL 2x parity_word/seed0
[2026-09-19T12:02:25+08:00] FAIL 2x fixed_start/seed0
[2026-09-19T12:02:33+08:00] FAIL 2x shuffle_control/seed0
[2026-09-19T12:02:33+08:00] kallini pass done: 0 runs complete, 42 failures
[2026-09-19T12:05:36+08:00] perturbing train (100M) + test splits with their perturb.py
[2026-09-19T12:05:45+08:00] FAIL shuffle_control/seed0
[2026-09-19T12:05:53+08:00] FAIL shuffle_nondeterministic/seed0
[2026-09-19T12:06:01+08:00] FAIL shuffle_deterministic21/seed0
[2026-09-19T12:06:09+08:00] FAIL shuffle_local3/seed0
[2026-09-19T12:06:17+08:00] FAIL shuffle_local10/seed0
[2026-09-19T12:06:25+08:00] FAIL shuffle_even_odd/seed0
[2026-09-19T12:06:33+08:00] FAIL reverse_control/seed0
[2026-09-19T12:06:42+08:00] FAIL reverse_partial/seed0
[2026-09-19T12:06:50+08:00] FAIL reverse_full/seed0
[2026-09-19T12:06:59+08:00] FAIL shuffle_control/seed14
[2026-09-19T12:07:07+08:00] FAIL shuffle_nondeterministic/seed14
[2026-09-19T12:07:16+08:00] FAIL shuffle_deterministic21/seed14
[2026-09-19T12:07:25+08:00] FAIL shuffle_local3/seed14
[2026-09-19T12:07:33+08:00] FAIL shuffle_local10/seed14
[2026-09-19T12:07:41+08:00] FAIL shuffle_even_odd/seed14
[2026-09-19T12:07:50+08:00] FAIL reverse_control/seed14
[2026-09-19T12:07:58+08:00] FAIL reverse_partial/seed14
[2026-09-19T12:08:06+08:00] FAIL reverse_full/seed14
[2026-09-19T12:08:14+08:00] FAIL shuffle_control/seed41
[2026-09-19T12:08:22+08:00] FAIL shuffle_nondeterministic/seed41
[2026-09-19T12:08:30+08:00] FAIL shuffle_deterministic21/seed41
[2026-09-19T12:08:39+08:00] FAIL shuffle_local3/seed41
[2026-09-19T12:08:47+08:00] FAIL shuffle_local10/seed41
[2026-09-19T12:08:55+08:00] FAIL shuffle_even_odd/seed41
[2026-09-19T12:09:03+08:00] FAIL reverse_control/seed41
[2026-09-19T12:09:12+08:00] FAIL reverse_partial/seed41
[2026-09-19T12:09:20+08:00] FAIL reverse_full/seed41
[2026-09-19T12:09:28+08:00] FAIL parity_word/seed0
[2026-09-19T12:09:36+08:00] FAIL fixed_start/seed0
[2026-09-19T12:09:44+08:00] FAIL parity_tok/seed0
[2026-09-19T12:09:52+08:00] FAIL negtok/seed0
[2026-09-19T12:10:00+08:00] FAIL parity_word/seed14
[2026-09-19T12:10:08+08:00] FAIL fixed_start/seed14
[2026-09-19T12:10:16+08:00] FAIL parity_tok/seed14
[2026-09-19T12:10:24+08:00] FAIL negtok/seed14
[2026-09-19T12:10:32+08:00] FAIL parity_word/seed41
[2026-09-19T12:10:39+08:00] FAIL fixed_start/seed41
[2026-09-19T12:10:47+08:00] FAIL parity_tok/seed41
[2026-09-19T12:10:55+08:00] FAIL negtok/seed41
[2026-09-19T12:11:03+08:00] FAIL 2x parity_word/seed0
[2026-09-19T12:11:12+08:00] FAIL 2x fixed_start/seed0
[2026-09-19T12:11:21+08:00] FAIL 2x shuffle_control/seed0
[2026-09-19T12:11:21+08:00] kallini pass done: 0 runs complete, 42 failures
[2026-09-19T12:14:25+08:00] perturbing train (100M) + test splits with their perturb.py
[2026-09-19T12:14:33+08:00] FAIL shuffle_control/seed0
[2026-09-19T12:14:41+08:00] FAIL shuffle_nondeterministic/seed0
[2026-09-19T12:14:50+08:00] FAIL shuffle_deterministic21/seed0
[2026-09-19T12:14:58+08:00] FAIL shuffle_local3/seed0
[2026-09-19T12:15:07+08:00] FAIL shuffle_local10/seed0
[2026-09-19T12:15:15+08:00] FAIL shuffle_even_odd/seed0
[2026-09-19T12:15:23+08:00] FAIL reverse_control/seed0
[2026-09-19T12:15:33+08:00] FAIL reverse_partial/seed0
[2026-09-19T12:15:42+08:00] FAIL reverse_full/seed0
[2026-09-19T12:15:50+08:00] FAIL shuffle_control/seed14
[2026-09-19T12:15:57+08:00] FAIL shuffle_nondeterministic/seed14
[2026-09-19T12:16:06+08:00] FAIL shuffle_deterministic21/seed14
[2026-09-19T12:16:14+08:00] FAIL shuffle_local3/seed14
[2026-09-19T12:16:22+08:00] FAIL shuffle_local10/seed14
[2026-09-19T12:16:31+08:00] FAIL shuffle_even_odd/seed14
[2026-09-19T12:16:40+08:00] FAIL reverse_control/seed14
[2026-09-19T12:16:49+08:00] FAIL reverse_partial/seed14
[2026-09-19T12:16:57+08:00] FAIL reverse_full/seed14
[2026-09-19T12:17:05+08:00] FAIL shuffle_control/seed41
[2026-09-19T12:17:13+08:00] FAIL shuffle_nondeterministic/seed41
[2026-09-19T12:17:23+08:00] FAIL shuffle_deterministic21/seed41
[2026-09-19T12:17:32+08:00] FAIL shuffle_local3/seed41
[2026-09-19T12:17:41+08:00] FAIL shuffle_local10/seed41
[2026-09-19T12:17:50+08:00] FAIL shuffle_even_odd/seed41
[2026-09-19T12:17:59+08:00] FAIL reverse_control/seed41
[2026-09-19T12:18:06+08:00] FAIL reverse_partial/seed41
[2026-09-19T12:18:14+08:00] FAIL reverse_full/seed41
[2026-09-19T12:18:22+08:00] FAIL parity_word/seed0
[2026-09-19T12:18:30+08:00] FAIL fixed_start/seed0
[2026-09-19T12:18:38+08:00] FAIL parity_tok/seed0
[2026-09-19T12:18:46+08:00] FAIL negtok/seed0
[2026-09-19T12:18:53+08:00] FAIL parity_word/seed14
[2026-09-19T12:19:01+08:00] FAIL fixed_start/seed14
[2026-09-19T12:19:11+08:00] FAIL parity_tok/seed14
[2026-09-19T12:19:18+08:00] FAIL negtok/seed14
[2026-09-19T12:19:28+08:00] FAIL parity_word/seed41
[2026-09-19T12:19:35+08:00] FAIL fixed_start/seed41
[2026-09-19T12:19:43+08:00] FAIL parity_tok/seed41
[2026-09-19T12:19:51+08:00] FAIL negtok/seed41
[2026-09-19T12:19:59+08:00] FAIL 2x parity_word/seed0
[2026-09-19T12:20:07+08:00] FAIL 2x fixed_start/seed0
[2026-09-19T12:20:17+08:00] FAIL 2x shuffle_control/seed0
[2026-09-19T12:20:17+08:00] kallini pass done: 0 runs complete, 42 failures
[2026-09-19T12:23:20+08:00] perturbing train (100M) + test splits with their perturb.py
[2026-09-19T12:23:29+08:00] FAIL shuffle_control/seed0
[2026-09-19T12:23:37+08:00] FAIL shuffle_nondeterministic/seed0
[2026-09-19T12:23:45+08:00] FAIL shuffle_deterministic21/seed0
[2026-09-19T12:23:54+08:00] FAIL shuffle_local3/seed0
[2026-09-19T12:24:01+08:00] FAIL shuffle_local10/seed0
[2026-09-19T12:24:10+08:00] FAIL shuffle_even_odd/seed0
[2026-09-19T12:24:17+08:00] FAIL reverse_control/seed0
[2026-09-19T12:24:25+08:00] FAIL reverse_partial/seed0
[2026-09-19T12:24:33+08:00] FAIL reverse_full/seed0
[2026-09-19T12:24:42+08:00] FAIL shuffle_control/seed14
[2026-09-19T12:24:50+08:00] FAIL shuffle_nondeterministic/seed14
[2026-09-19T12:24:59+08:00] FAIL shuffle_deterministic21/seed14
[2026-09-19T12:25:07+08:00] FAIL shuffle_local3/seed14
[2026-09-19T12:25:15+08:00] FAIL shuffle_local10/seed14
[2026-09-19T12:25:23+08:00] FAIL shuffle_even_odd/seed14
[2026-09-19T12:25:30+08:00] FAIL reverse_control/seed14
[2026-09-19T12:25:40+08:00] FAIL reverse_partial/seed14
[2026-09-19T12:25:48+08:00] FAIL reverse_full/seed14
[2026-09-19T12:25:57+08:00] FAIL shuffle_control/seed41
[2026-09-19T12:26:05+08:00] FAIL shuffle_nondeterministic/seed41
[2026-09-19T12:26:13+08:00] FAIL shuffle_deterministic21/seed41
[2026-09-19T12:26:21+08:00] FAIL shuffle_local3/seed41
[2026-09-19T12:26:30+08:00] FAIL shuffle_local10/seed41
[2026-09-19T12:26:38+08:00] FAIL shuffle_even_odd/seed41
[2026-09-19T12:26:46+08:00] FAIL reverse_control/seed41
[2026-09-19T12:26:55+08:00] FAIL reverse_partial/seed41
[2026-09-19T12:27:03+08:00] FAIL reverse_full/seed41
[2026-09-19T12:27:11+08:00] FAIL parity_word/seed0
[2026-09-19T12:27:19+08:00] FAIL fixed_start/seed0
[2026-09-19T12:27:26+08:00] FAIL parity_tok/seed0
[2026-09-19T12:27:34+08:00] FAIL negtok/seed0
[2026-09-19T12:27:42+08:00] FAIL parity_word/seed14
[2026-09-19T12:27:50+08:00] FAIL fixed_start/seed14
[2026-09-19T12:27:57+08:00] FAIL parity_tok/seed14
[2026-09-19T12:28:06+08:00] FAIL negtok/seed14
[2026-09-19T12:28:14+08:00] FAIL parity_word/seed41
[2026-09-19T12:28:23+08:00] FAIL fixed_start/seed41
[2026-09-19T12:28:31+08:00] FAIL parity_tok/seed41
[2026-09-19T12:28:40+08:00] FAIL negtok/seed41
[2026-09-19T12:28:49+08:00] FAIL 2x parity_word/seed0
[2026-09-19T12:28:57+08:00] FAIL 2x fixed_start/seed0
[2026-09-19T12:29:05+08:00] FAIL 2x shuffle_control/seed0
[2026-09-19T12:29:05+08:00] kallini pass done: 0 runs complete, 42 failures
[2026-09-19T12:32:08+08:00] perturbing train (100M) + test splits with their perturb.py: shuffle_control shuffle_nondeterministic shuffle_deterministic21 shuffle_local3 shuffle_local10 shuffle_even_odd reverse_control reverse_partial reverse_full
[2026-09-19T14:17:17+08:00] generating v3 class-P datasets
[2026-09-19T16:21:26+08:00] V3 PERTURB FAIL
[2026-09-19T16:24:31+08:00] generating v3 class-P datasets
[2026-09-19T16:43:42+08:00] generating v3 class-P datasets
[2026-09-19T17:47:57+08:00] FAIL shuffle_control/seed0
[2026-09-19T18:35:27+08:00] FAIL shuffle_nondeterministic/seed0
[2026-09-19T19:23:08+08:00] FAIL shuffle_deterministic21/seed0
[2026-09-19T20:10:43+08:00] FAIL shuffle_local3/seed0
[2026-09-20T01:30:41+08:00] OK   shuffle_control/seed0
[2026-09-20T05:27:48+08:00] OK   shuffle_nondeterministic/seed0
[2026-09-20T09:24:53+08:00] OK   shuffle_deterministic21/seed0
[2026-09-20T13:22:15+08:00] OK   shuffle_local3/seed0
[2026-09-20T14:52:10+08:00] generating v3 class-P datasets (pool pool-v2-base-filter)
[2026-09-20T15:57:06+08:00] OK   shuffle_control/seed0
[2026-09-20T15:57:15+08:00] OK   shuffle_nondeterministic/seed0
[2026-09-20T15:57:23+08:00] OK   shuffle_deterministic21/seed0
[2026-09-20T15:57:32+08:00] OK   shuffle_local3/seed0
[2026-09-20T20:21:34+08:00] OK   parity_word/seed0
[2026-09-21T00:20:16+08:00] OK   fixed_start/seed0
[2026-09-21T04:30:06+08:00] OK   parity_word/seed0
[2026-09-21T08:27:41+08:00] OK   fixed_start/seed0
[2026-09-21T12:25:58+08:00] OK   parity_tok/seed0
[2026-09-21T16:19:26+08:00] OK   negtok/seed0
[2026-09-21T20:17:26+08:00] OK   not_random/seed0
[2026-09-22T00:18:23+08:00] OK   parity_word/seed14
[2026-09-22T04:16:10+08:00] OK   fixed_start/seed14
[2026-09-22T08:13:47+08:00] OK   parity_tok/seed14
[2026-09-22T12:07:46+08:00] OK   negtok/seed14
[2026-09-22T16:07:23+08:00] OK   not_random/seed14
[2026-09-22T20:06:49+08:00] OK   parity_word/seed41
[2026-09-23T00:06:30+08:00] OK   fixed_start/seed41
[2026-09-23T04:06:15+08:00] OK   parity_tok/seed41
[2026-09-23T08:00:23+08:00] OK   negtok/seed41
[2026-09-23T12:00:06+08:00] OK   not_random/seed41
[2026-09-23T19:56:38+08:00] OK   6000step parity_word/seed0
[2026-09-24T05:09:53+08:00] OK   parity_word/seed0
[2026-09-24T05:10:01+08:00] OK   fixed_start/seed0
[2026-09-24T05:10:09+08:00] OK   parity_tok/seed0
[2026-09-24T05:10:18+08:00] OK   negtok/seed0
[2026-09-24T05:10:26+08:00] OK   not_random/seed0
[2026-09-24T05:10:33+08:00] OK   parity_word/seed14
[2026-09-24T05:10:41+08:00] OK   fixed_start/seed14
[2026-09-24T05:10:49+08:00] OK   parity_tok/seed14
[2026-09-24T05:10:57+08:00] OK   negtok/seed14
[2026-09-24T05:11:04+08:00] OK   not_random/seed14
[2026-09-24T05:11:12+08:00] OK   parity_word/seed41
[2026-09-24T05:11:20+08:00] OK   fixed_start/seed41
[2026-09-24T05:11:28+08:00] OK   parity_tok/seed41
[2026-09-24T05:11:35+08:00] OK   negtok/seed41
[2026-09-24T05:11:43+08:00] OK   not_random/seed41
[2026-09-24T05:11:51+08:00] OK   6000step parity_word/seed0
[2026-09-24T13:07:28+08:00] OK   6000step fixed_start/seed0
[2026-09-24T19:21:42+08:00] OK   parity_word/seed0
[2026-09-24T23:21:19+08:00] OK   fixed_start/seed0
[2026-09-25T03:21:01+08:00] OK   parity_tok/seed0
[2026-09-25T07:15:14+08:00] OK   negtok/seed0
[2026-09-25T11:14:54+08:00] OK   not_random/seed0
[2026-09-25T15:14:42+08:00] OK   parity_word/seed14
[2026-09-25T19:14:27+08:00] OK   fixed_start/seed14
[2026-09-25T23:13:54+08:00] OK   parity_tok/seed14
[2026-09-26T03:08:02+08:00] OK   negtok/seed14
[2026-09-26T07:07:32+08:00] OK   not_random/seed14
[2026-09-26T11:07:16+08:00] OK   parity_word/seed41
[2026-09-26T15:07:07+08:00] OK   fixed_start/seed41
[2026-09-26T19:06:30+08:00] OK   parity_tok/seed41
[2026-09-26T23:00:59+08:00] OK   negtok/seed41
[2026-09-27T03:00:08+08:00] OK   not_random/seed41
[2026-09-27T10:51:37+08:00] OK   6000step parity_word/seed0
[2026-09-27T18:43:28+08:00] OK   6000step fixed_start/seed0
[2026-09-28T02:36:13+08:00] OK   6000step shuffle_control/seed0
[2026-09-28T06:33:34+08:00] OK   nope parity_word/seed0
[2026-09-28T10:30:54+08:00] OK   nope parity_word/seed14
[2026-09-28T14:28:27+08:00] OK   nope parity_word/seed41
[2026-09-28T18:26:22+08:00] OK   nope shuffle_control/seed0
[2026-09-28T22:24:33+08:00] OK   nope shuffle_control/seed14
[2026-09-29T02:22:35+08:00] OK   nope shuffle_control/seed41
published 6 cells -> v2-results-nope
[2026-09-29T06:21:04+08:00] OK   nope-ext fixed_start/seed0
[2026-09-29T10:19:56+08:00] OK   nope-ext fixed_start/seed14
[2026-09-29T14:18:54+08:00] OK   nope-ext fixed_start/seed41
[2026-09-29T18:17:43+08:00] OK   nope-ext not_random/seed0
[2026-09-29T22:17:05+08:00] OK   nope-ext not_random/seed14
[2026-09-30T02:15:28+08:00] OK   nope-ext not_random/seed41
[2026-09-30T02:15:36+08:00] FAIL cald-pilot cald_long/seed0
[2026-09-30T02:15:43+08:00] FAIL cald-pilot cald_shuf/seed0
[2026-09-30T02:15:43+08:00] cald confirmatory waiting for .frozen_cald (§10c-13a amendment after pilot)
published 0 cells -> v2-results-cald
[2026-09-30T02:15:47+08:00] lstm_gpu smoke (1 step, quarantined tree)
[2026-09-30T02:16:58+08:00] lstm_gpu smoke OK
[2026-09-30T05:24:53+08:00] OK   lstm_gpu shuffle_control/seed0
[2026-09-30T08:32:53+08:00] OK   lstm_gpu shuffle_control/seed14
[2026-09-30T11:40:45+08:00] OK   lstm_gpu shuffle_control/seed41
[2026-09-30T14:49:27+08:00] OK   lstm_gpu reverse_full/seed0
[2026-09-30T17:58:00+08:00] OK   lstm_gpu reverse_full/seed14
[2026-09-30T17:58:09+08:00] OK   lstm_gpu reverse_full/seed41
[2026-09-30T17:58:17+08:00] OK   lstm_gpu parity_word/seed0
[2026-09-30T21:06:30+08:00] OK   lstm_gpu parity_word/seed14
[2026-10-01T00:14:50+08:00] OK   lstm_gpu parity_word/seed41
[2026-10-01T00:15:00+08:00] OK   lstm_gpu not_random/seed0
[2026-10-01T00:15:17+08:00] OK   lstm_gpu not_random/seed14
[2026-10-01T03:23:32+08:00] OK   lstm_gpu not_random/seed41
published 12 cells -> v2-results-lstm-gpu
published 12 cells -> v2-results-lstm-gpu-capmatch
[2026-10-01T03:23:51+08:00] OK   shuffle_control/seed0
[2026-10-01T07:20:53+08:00] OK   shuffle_nondeterministic/seed0
[2026-10-01T07:21:00+08:00] OK   shuffle_deterministic21/seed0
[2026-10-01T07:21:07+08:00] OK   shuffle_local3/seed0
[2026-10-01T11:18:20+08:00] OK   shuffle_local10/seed0
[2026-10-01T15:15:36+08:00] OK   shuffle_even_odd/seed0
[2026-10-01T19:08:05+08:00] OK   reverse_control/seed0
[2026-10-01T23:00:35+08:00] OK   reverse_partial/seed0
[2026-10-01T23:00:44+08:00] OK   reverse_full/seed0
[2026-10-01T23:00:55+08:00] OK   shuffle_control/seed14
[2026-10-02T02:58:17+08:00] OK   shuffle_nondeterministic/seed14
[2026-10-02T06:55:19+08:00] OK   shuffle_deterministic21/seed14
[2026-10-02T06:55:27+08:00] OK   shuffle_local3/seed14
[2026-10-02T06:55:35+08:00] OK   shuffle_local10/seed14
[2026-10-02T06:55:42+08:00] OK   shuffle_even_odd/seed14
[2026-10-02T06:55:49+08:00] OK   reverse_control/seed14
[2026-10-02T10:47:34+08:00] OK   reverse_partial/seed14
[2026-10-02T14:40:24+08:00] OK   reverse_full/seed14
[2026-10-02T14:40:36+08:00] OK   shuffle_control/seed41
[2026-10-02T14:40:49+08:00] OK   shuffle_nondeterministic/seed41
[2026-10-02T14:40:58+08:00] OK   shuffle_deterministic21/seed41
[2026-10-02T14:41:08+08:00] OK   shuffle_local3/seed41
[2026-10-02T14:41:16+08:00] OK   shuffle_local10/seed41
[2026-10-02T14:41:26+08:00] OK   shuffle_even_odd/seed41
[2026-10-02T14:41:35+08:00] OK   reverse_control/seed41
[2026-10-02T14:41:44+08:00] OK   reverse_partial/seed41
[2026-10-02T18:35:00+08:00] OK   reverse_full/seed41
[2026-10-02T18:35:07+08:00] OK   shuffle_control/seed53
[2026-10-02T22:26:56+08:00] OK   reverse_full/seed53
[2026-10-02T22:27:09+08:00] OK   parity_word/seed53
[2026-10-02T22:27:18+08:00] OK   fixed_start/seed53
[2026-10-02T22:27:29+08:00] OK   parity_tok/seed53
[2026-10-02T22:27:39+08:00] OK   negtok/seed53
[2026-10-02T22:27:48+08:00] OK   shuffle_control/seed96
[2026-10-03T02:20:04+08:00] OK   reverse_full/seed96
[2026-10-03T02:20:12+08:00] OK   parity_word/seed96
[2026-10-03T02:20:20+08:00] OK   fixed_start/seed96
[2026-10-03T02:20:27+08:00] OK   parity_tok/seed96
[2026-10-03T02:20:34+08:00] OK   negtok/seed96
[2026-10-03T02:20:43+08:00] OK   fixed_end/seed0
[2026-10-03T02:20:50+08:00] OK   fixed_end/seed14
[2026-10-03T02:20:57+08:00] OK   fixed_end/seed41
[2026-10-03T02:21:05+08:00] OK   6000step shuffle_control/seed14
[2026-10-03T02:21:13+08:00] OK   6000step parity_word/seed14
[2026-10-03T02:21:20+08:00] OK   6000step shuffle_control/seed41
[2026-10-03T02:21:29+08:00] OK   6000step parity_word/seed41
[2026-10-03T02:21:36+08:00] OK   9000step shuffle_control/seed0
[2026-10-03T02:21:43+08:00] OK   9000step parity_word/seed0
[2026-10-03T02:21:43+08:00] generating data-scale subsets (1M/10M tokens x 3 conditions)
[2026-10-03T02:21:50+08:00] OK   datascale sub1M shuffle_control/seed0
[2026-10-03T02:21:58+08:00] OK   datascale sub1M shuffle_control/seed14
[2026-10-03T06:18:27+08:00] OK   datascale sub1M parity_word/seed0
[2026-10-03T06:18:34+08:00] OK   datascale sub1M parity_word/seed14
published 4 cells -> v2-results-datascale
published 0 cells -> v2-results-ladder-probe
published 0 cells -> v2-results-logo
published 15 cells -> v2-results-lstm-gpu-capmatch
[2026-10-03T06:18:59+08:00] OK   model-scale shuffle_control/seed0
[2026-10-03T06:20:42+08:00] FAIL model-scale parity_word/seed0
published 1 cells -> v2-results-model-scale
[2026-10-03T06:20:56+08:00] WARN probe smoke failed (analysis-side, does not block the grid)
[2026-10-03T06:20:56+08:00] kallini pass done: 67 runs complete, 3 failures
[2026-10-03T06:24:33+08:00] OK   parity_word/seed0
[2026-10-03T06:24:39+08:00] OK   fixed_start/seed0
[2026-10-03T06:24:46+08:00] OK   parity_tok/seed0
[2026-10-03T06:24:54+08:00] OK   negtok/seed0
[2026-10-03T06:25:01+08:00] OK   not_random/seed0
[2026-10-03T06:25:08+08:00] OK   parity_word/seed14
[2026-10-03T06:25:16+08:00] OK   fixed_start/seed14
[2026-10-03T06:25:23+08:00] OK   parity_tok/seed14
[2026-10-03T06:25:31+08:00] OK   negtok/seed14
[2026-10-03T06:25:37+08:00] OK   not_random/seed14
[2026-10-03T06:25:45+08:00] OK   parity_word/seed41
[2026-10-03T06:25:51+08:00] OK   fixed_start/seed41
[2026-10-03T06:25:58+08:00] OK   parity_tok/seed41
[2026-10-03T06:26:05+08:00] OK   negtok/seed41
[2026-10-03T06:26:12+08:00] OK   not_random/seed41
[2026-10-03T06:26:19+08:00] OK   6000step parity_word/seed0
[2026-10-03T06:26:25+08:00] OK   6000step fixed_start/seed0
[2026-10-03T06:26:32+08:00] OK   6000step shuffle_control/seed0
published 12 cells -> v2-results-nope
[2026-10-03T06:26:44+08:00] OK   nope-ext fixed_start/seed0
[2026-10-03T06:26:51+08:00] OK   nope-ext fixed_start/seed14
[2026-10-03T06:26:58+08:00] OK   nope-ext fixed_start/seed41
[2026-10-03T06:27:04+08:00] OK   nope-ext not_random/seed0
[2026-10-03T06:27:11+08:00] OK   nope-ext not_random/seed14
[2026-10-03T06:27:17+08:00] OK   nope-ext not_random/seed41
[2026-10-03T06:27:24+08:00] FAIL cald-pilot cald_long/seed0
[2026-10-03T06:27:31+08:00] FAIL cald-pilot cald_shuf/seed0
[2026-10-03T06:27:31+08:00] cald confirmatory waiting for .frozen_cald (§10c-13a amendment after pilot)
published 0 cells -> v2-results-cald
published 12 cells -> v2-results-lstm-gpu
published 15 cells -> v2-results-lstm-gpu-capmatch
[2026-10-03T06:27:47+08:00] OK   shuffle_control/seed0
[2026-10-03T06:27:54+08:00] OK   shuffle_nondeterministic/seed0
[2026-10-03T06:28:01+08:00] OK   shuffle_deterministic21/seed0
[2026-10-03T06:28:07+08:00] OK   shuffle_local3/seed0
[2026-10-03T06:28:13+08:00] OK   shuffle_local10/seed0
[2026-10-03T06:28:20+08:00] OK   shuffle_even_odd/seed0
[2026-10-03T06:28:26+08:00] OK   reverse_control/seed0
[2026-10-03T06:28:33+08:00] OK   reverse_partial/seed0
[2026-10-03T06:28:40+08:00] OK   reverse_full/seed0
[2026-10-03T06:28:46+08:00] OK   shuffle_control/seed14
[2026-10-03T06:28:52+08:00] OK   shuffle_nondeterministic/seed14
[2026-10-03T06:28:58+08:00] OK   shuffle_deterministic21/seed14
[2026-10-03T06:29:05+08:00] OK   shuffle_local3/seed14
[2026-10-03T06:29:11+08:00] OK   shuffle_local10/seed14
[2026-10-03T06:29:17+08:00] OK   shuffle_even_odd/seed14
[2026-10-03T06:29:24+08:00] OK   reverse_control/seed14
[2026-10-03T06:29:30+08:00] OK   reverse_partial/seed14
[2026-10-03T06:29:37+08:00] OK   reverse_full/seed14
[2026-10-03T06:29:44+08:00] OK   shuffle_control/seed41
[2026-10-03T06:29:51+08:00] OK   shuffle_nondeterministic/seed41
[2026-10-03T06:29:59+08:00] OK   shuffle_deterministic21/seed41
[2026-10-03T06:30:06+08:00] OK   shuffle_local3/seed41
[2026-10-03T06:30:14+08:00] OK   shuffle_local10/seed41
[2026-10-03T06:30:20+08:00] OK   shuffle_even_odd/seed41
[2026-10-03T06:30:27+08:00] OK   reverse_control/seed41
[2026-10-03T06:30:35+08:00] OK   reverse_partial/seed41
[2026-10-03T06:30:42+08:00] OK   reverse_full/seed41
[2026-10-03T06:30:49+08:00] OK   shuffle_control/seed53
[2026-10-03T06:30:55+08:00] OK   reverse_full/seed53
[2026-10-03T06:31:02+08:00] OK   parity_word/seed53
[2026-10-03T06:31:09+08:00] OK   fixed_start/seed53
[2026-10-03T06:31:17+08:00] OK   parity_tok/seed53
[2026-10-03T06:31:23+08:00] OK   negtok/seed53
[2026-10-03T06:31:30+08:00] OK   shuffle_control/seed96
[2026-10-03T06:31:37+08:00] OK   reverse_full/seed96
[2026-10-03T06:31:44+08:00] OK   parity_word/seed96
[2026-10-03T06:31:51+08:00] OK   fixed_start/seed96
[2026-10-03T06:31:57+08:00] OK   parity_tok/seed96
[2026-10-03T06:32:04+08:00] OK   negtok/seed96
[2026-10-03T06:32:11+08:00] OK   fixed_end/seed0
[2026-10-03T06:32:17+08:00] OK   fixed_end/seed14
[2026-10-03T06:32:24+08:00] OK   fixed_end/seed41
[2026-10-03T06:32:30+08:00] OK   6000step shuffle_control/seed14
[2026-10-03T06:32:37+08:00] OK   6000step parity_word/seed14
[2026-10-03T06:32:43+08:00] OK   6000step shuffle_control/seed41
[2026-10-03T06:32:50+08:00] OK   6000step parity_word/seed41
[2026-10-03T06:32:57+08:00] OK   9000step shuffle_control/seed0
[2026-10-03T06:33:03+08:00] OK   9000step parity_word/seed0
published 4 cells -> v2-results-datascale
published 0 cells -> v2-results-ladder-probe
published 0 cells -> v2-results-logo
published 15 cells -> v2-results-lstm-gpu-capmatch
[2026-10-03T06:33:23+08:00] OK   model-scale shuffle_control/seed0
[2026-10-03T06:35:06+08:00] FAIL model-scale parity_word/seed0
published 1 cells -> v2-results-model-scale
[2026-10-03T06:35:18+08:00] WARN probe smoke failed (analysis-side, does not block the grid)
[2026-10-03T06:35:19+08:00] kallini pass done: 67 runs complete, 3 failures
[2026-10-03T06:38:43+08:00] OK   parity_word/seed0
[2026-10-03T06:38:50+08:00] OK   fixed_start/seed0
[2026-10-03T06:38:56+08:00] OK   parity_tok/seed0
[2026-10-03T06:39:04+08:00] OK   negtok/seed0
[2026-10-03T06:39:11+08:00] OK   not_random/seed0
[2026-10-03T06:39:18+08:00] OK   parity_word/seed14
[2026-10-03T06:39:26+08:00] OK   fixed_start/seed14
[2026-10-03T06:39:33+08:00] OK   parity_tok/seed14
[2026-10-03T06:39:40+08:00] OK   negtok/seed14
[2026-10-03T06:39:47+08:00] OK   not_random/seed14
[2026-10-03T06:39:54+08:00] OK   parity_word/seed41
[2026-10-03T06:40:01+08:00] OK   fixed_start/seed41
[2026-10-03T06:40:08+08:00] OK   parity_tok/seed41
[2026-10-03T06:40:15+08:00] OK   negtok/seed41
[2026-10-03T06:40:22+08:00] OK   not_random/seed41
[2026-10-03T06:40:29+08:00] OK   6000step parity_word/seed0
[2026-10-03T06:40:36+08:00] OK   6000step fixed_start/seed0
[2026-10-03T06:40:44+08:00] OK   6000step shuffle_control/seed0
published 12 cells -> v2-results-nope
[2026-10-03T06:40:56+08:00] OK   nope-ext fixed_start/seed0
[2026-10-03T06:41:03+08:00] OK   nope-ext fixed_start/seed14
[2026-10-03T06:41:09+08:00] OK   nope-ext fixed_start/seed41
[2026-10-03T06:41:16+08:00] OK   nope-ext not_random/seed0
[2026-10-03T06:41:23+08:00] OK   nope-ext not_random/seed14
[2026-10-03T06:41:29+08:00] OK   nope-ext not_random/seed41
[2026-10-03T06:41:36+08:00] FAIL cald-pilot cald_long/seed0
[2026-10-03T06:41:42+08:00] FAIL cald-pilot cald_shuf/seed0
[2026-10-03T06:41:42+08:00] cald confirmatory waiting for .frozen_cald (§10c-13a amendment after pilot)
published 0 cells -> v2-results-cald
published 12 cells -> v2-results-lstm-gpu
published 15 cells -> v2-results-lstm-gpu-capmatch
[2026-10-03T06:41:59+08:00] OK   shuffle_control/seed0
[2026-10-03T06:42:05+08:00] OK   shuffle_nondeterministic/seed0
[2026-10-03T06:42:12+08:00] OK   shuffle_deterministic21/seed0
[2026-10-03T06:42:18+08:00] OK   shuffle_local3/seed0
[2026-10-03T06:42:24+08:00] OK   shuffle_local10/seed0
[2026-10-03T06:42:31+08:00] OK   shuffle_even_odd/seed0
[2026-10-03T06:42:37+08:00] OK   reverse_control/seed0
[2026-10-03T06:42:43+08:00] OK   reverse_partial/seed0
[2026-10-03T06:42:49+08:00] OK   reverse_full/seed0
[2026-10-03T06:42:55+08:00] OK   shuffle_control/seed14
[2026-10-03T06:43:02+08:00] OK   shuffle_nondeterministic/seed14
[2026-10-03T06:43:08+08:00] OK   shuffle_deterministic21/seed14
[2026-10-03T06:43:14+08:00] OK   shuffle_local3/seed14
[2026-10-03T06:43:21+08:00] OK   shuffle_local10/seed14
[2026-10-03T06:43:27+08:00] OK   shuffle_even_odd/seed14
[2026-10-03T06:43:34+08:00] OK   reverse_control/seed14
[2026-10-03T06:43:40+08:00] OK   reverse_partial/seed14
[2026-10-03T06:43:47+08:00] OK   reverse_full/seed14
[2026-10-03T06:43:54+08:00] OK   shuffle_control/seed41
[2026-10-03T06:44:04+08:00] OK   shuffle_nondeterministic/seed41
[2026-10-03T06:44:11+08:00] OK   shuffle_deterministic21/seed41
[2026-10-03T06:44:18+08:00] OK   shuffle_local3/seed41
[2026-10-03T06:44:26+08:00] OK   shuffle_local10/seed41
[2026-10-03T06:44:33+08:00] OK   shuffle_even_odd/seed41
[2026-10-03T06:44:41+08:00] OK   reverse_control/seed41
[2026-10-03T06:44:48+08:00] OK   reverse_partial/seed41
[2026-10-03T06:44:55+08:00] OK   reverse_full/seed41
[2026-10-03T06:45:02+08:00] OK   shuffle_control/seed53
[2026-10-03T06:45:10+08:00] OK   reverse_full/seed53
[2026-10-03T06:45:17+08:00] OK   parity_word/seed53
[2026-10-03T06:45:25+08:00] OK   fixed_start/seed53
[2026-10-03T06:45:32+08:00] OK   parity_tok/seed53
[2026-10-03T06:45:39+08:00] OK   negtok/seed53
[2026-10-03T06:45:46+08:00] OK   shuffle_control/seed96
[2026-10-03T06:45:53+08:00] OK   reverse_full/seed96
[2026-10-03T06:46:00+08:00] OK   parity_word/seed96
[2026-10-03T06:46:07+08:00] OK   fixed_start/seed96
[2026-10-03T06:46:14+08:00] OK   parity_tok/seed96
[2026-10-03T06:46:20+08:00] OK   negtok/seed96
[2026-10-03T06:46:27+08:00] OK   fixed_end/seed0
[2026-10-03T06:46:34+08:00] OK   fixed_end/seed14
[2026-10-03T06:46:40+08:00] OK   fixed_end/seed41
[2026-10-03T06:46:47+08:00] OK   6000step shuffle_control/seed14
[2026-10-03T06:46:53+08:00] OK   6000step parity_word/seed14
[2026-10-03T06:47:00+08:00] OK   6000step shuffle_control/seed41
[2026-10-03T06:47:06+08:00] OK   6000step parity_word/seed41
[2026-10-03T06:47:13+08:00] OK   9000step shuffle_control/seed0
[2026-10-03T06:47:19+08:00] OK   9000step parity_word/seed0
published 4 cells -> v2-results-datascale
published 0 cells -> v2-results-ladder-probe
published 0 cells -> v2-results-logo
published 15 cells -> v2-results-lstm-gpu-capmatch
[2026-10-03T06:47:40+08:00] OK   model-scale shuffle_control/seed0
[2026-10-03T06:49:21+08:00] FAIL model-scale parity_word/seed0
published 1 cells -> v2-results-model-scale
[2026-10-03T06:49:33+08:00] WARN probe smoke failed (analysis-side, does not block the grid)
[2026-10-03T06:49:33+08:00] kallini pass done: 67 runs complete, 3 failures
[2026-10-03T06:52:56+08:00] OK   parity_word/seed0
[2026-10-03T06:53:04+08:00] OK   fixed_start/seed0
[2026-10-03T06:53:11+08:00] OK   parity_tok/seed0
[2026-10-03T06:53:18+08:00] OK   negtok/seed0
[2026-10-03T06:53:25+08:00] OK   not_random/seed0
[2026-10-03T06:53:32+08:00] OK   parity_word/seed14
[2026-10-03T06:53:39+08:00] OK   fixed_start/seed14
[2026-10-03T06:53:46+08:00] OK   parity_tok/seed14
[2026-10-03T06:53:53+08:00] OK   negtok/seed14
[2026-10-03T06:54:00+08:00] OK   not_random/seed14
[2026-10-03T06:54:08+08:00] OK   parity_word/seed41
[2026-10-03T06:54:15+08:00] OK   fixed_start/seed41
[2026-10-03T06:54:22+08:00] OK   parity_tok/seed41
[2026-10-03T06:54:30+08:00] OK   negtok/seed41
[2026-10-03T06:54:36+08:00] OK   not_random/seed41
[2026-10-03T06:54:44+08:00] OK   6000step parity_word/seed0
[2026-10-03T06:54:51+08:00] OK   6000step fixed_start/seed0
[2026-10-03T06:54:57+08:00] OK   6000step shuffle_control/seed0
published 12 cells -> v2-results-nope
[2026-10-03T06:55:09+08:00] OK   nope-ext fixed_start/seed0
[2026-10-03T06:55:16+08:00] OK   nope-ext fixed_start/seed14
[2026-10-03T06:55:22+08:00] OK   nope-ext fixed_start/seed41
[2026-10-03T06:55:29+08:00] OK   nope-ext not_random/seed0
[2026-10-03T06:55:36+08:00] OK   nope-ext not_random/seed14
[2026-10-03T06:55:43+08:00] OK   nope-ext not_random/seed41
[2026-10-03T06:55:49+08:00] FAIL cald-pilot cald_long/seed0
[2026-10-03T06:55:56+08:00] FAIL cald-pilot cald_shuf/seed0
[2026-10-03T06:55:56+08:00] cald confirmatory waiting for .frozen_cald (§10c-13a amendment after pilot)
published 0 cells -> v2-results-cald
published 12 cells -> v2-results-lstm-gpu
published 15 cells -> v2-results-lstm-gpu-capmatch
[2026-10-03T06:56:13+08:00] OK   shuffle_control/seed0
[2026-10-03T06:56:19+08:00] OK   shuffle_nondeterministic/seed0
[2026-10-03T06:56:26+08:00] OK   shuffle_deterministic21/seed0
[2026-10-03T06:56:32+08:00] OK   shuffle_local3/seed0
[2026-10-03T06:56:38+08:00] OK   shuffle_local10/seed0
[2026-10-03T06:56:44+08:00] OK   shuffle_even_odd/seed0
[2026-10-03T06:56:50+08:00] OK   reverse_control/seed0
[2026-10-03T06:56:57+08:00] OK   reverse_partial/seed0
[2026-10-03T06:57:03+08:00] OK   reverse_full/seed0
[2026-10-03T06:57:10+08:00] OK   shuffle_control/seed14
[2026-10-03T06:57:16+08:00] OK   shuffle_nondeterministic/seed14
[2026-10-03T06:57:22+08:00] OK   shuffle_deterministic21/seed14
[2026-10-03T06:57:28+08:00] OK   shuffle_local3/seed14
[2026-10-03T06:57:35+08:00] OK   shuffle_local10/seed14
[2026-10-03T06:57:41+08:00] OK   shuffle_even_odd/seed14
[2026-10-03T06:57:48+08:00] OK   reverse_control/seed14
[2026-10-03T06:57:55+08:00] OK   reverse_partial/seed14
[2026-10-03T06:58:02+08:00] OK   reverse_full/seed14
[2026-10-03T06:58:09+08:00] OK   shuffle_control/seed41
[2026-10-03T06:58:16+08:00] OK   shuffle_nondeterministic/seed41
[2026-10-03T06:58:23+08:00] OK   shuffle_deterministic21/seed41
[2026-10-03T06:58:30+08:00] OK   shuffle_local3/seed41
[2026-10-03T06:58:36+08:00] OK   shuffle_local10/seed41
[2026-10-03T06:58:43+08:00] OK   shuffle_even_odd/seed41
[2026-10-03T06:58:50+08:00] OK   reverse_control/seed41
[2026-10-03T06:58:57+08:00] OK   reverse_partial/seed41
[2026-10-03T06:59:03+08:00] OK   reverse_full/seed41
[2026-10-03T06:59:10+08:00] OK   shuffle_control/seed53
[2026-10-03T06:59:17+08:00] OK   reverse_full/seed53
[2026-10-03T06:59:24+08:00] OK   parity_word/seed53
[2026-10-03T06:59:30+08:00] OK   fixed_start/seed53
[2026-10-03T06:59:38+08:00] OK   parity_tok/seed53
[2026-10-03T06:59:45+08:00] OK   negtok/seed53
[2026-10-03T06:59:52+08:00] OK   shuffle_control/seed96
[2026-10-03T06:59:58+08:00] OK   reverse_full/seed96
[2026-10-03T07:00:05+08:00] OK   parity_word/seed96
[2026-10-03T07:00:12+08:00] OK   fixed_start/seed96
[2026-10-03T07:00:20+08:00] OK   parity_tok/seed96
[2026-10-03T07:00:26+08:00] OK   negtok/seed96
[2026-10-03T07:00:33+08:00] OK   fixed_end/seed0
[2026-10-03T07:00:39+08:00] OK   fixed_end/seed14
[2026-10-03T07:00:46+08:00] OK   fixed_end/seed41
[2026-10-03T07:00:53+08:00] OK   6000step shuffle_control/seed14
[2026-10-03T07:01:00+08:00] OK   6000step parity_word/seed14
[2026-10-03T07:01:06+08:00] OK   6000step shuffle_control/seed41
[2026-10-03T07:01:13+08:00] OK   6000step parity_word/seed41
[2026-10-03T07:01:19+08:00] OK   9000step shuffle_control/seed0
[2026-10-03T07:01:25+08:00] OK   9000step parity_word/seed0
published 4 cells -> v2-results-datascale
published 0 cells -> v2-results-ladder-probe
published 0 cells -> v2-results-logo
published 15 cells -> v2-results-lstm-gpu-capmatch
[2026-10-03T07:01:45+08:00] OK   model-scale shuffle_control/seed0
[2026-10-03T07:03:26+08:00] FAIL model-scale parity_word/seed0
published 1 cells -> v2-results-model-scale
[2026-10-03T07:03:38+08:00] WARN probe smoke failed (analysis-side, does not block the grid)
[2026-10-03T07:03:39+08:00] kallini pass done: 67 runs complete, 3 failures
[2026-10-03T07:07:03+08:00] OK   parity_word/seed0
[2026-10-03T07:07:11+08:00] OK   fixed_start/seed0
[2026-10-03T07:07:18+08:00] OK   parity_tok/seed0
[2026-10-03T07:07:25+08:00] OK   negtok/seed0
[2026-10-03T07:07:33+08:00] OK   not_random/seed0
[2026-10-03T07:07:40+08:00] OK   parity_word/seed14
[2026-10-03T07:07:47+08:00] OK   fixed_start/seed14
[2026-10-03T07:07:55+08:00] OK   parity_tok/seed14
[2026-10-03T07:08:02+08:00] OK   negtok/seed14
[2026-10-03T07:08:09+08:00] OK   not_random/seed14
[2026-10-03T07:08:16+08:00] OK   parity_word/seed41
[2026-10-03T07:08:24+08:00] OK   fixed_start/seed41
[2026-10-03T07:08:31+08:00] OK   parity_tok/seed41
[2026-10-03T07:08:37+08:00] OK   negtok/seed41
[2026-10-03T07:08:44+08:00] OK   not_random/seed41
[2026-10-03T07:08:52+08:00] OK   6000step parity_word/seed0
[2026-10-03T07:08:59+08:00] OK   6000step fixed_start/seed0
[2026-10-03T07:09:06+08:00] OK   6000step shuffle_control/seed0
published 12 cells -> v2-results-nope
[2026-10-03T07:09:20+08:00] OK   nope-ext fixed_start/seed0
[2026-10-03T07:09:27+08:00] OK   nope-ext fixed_start/seed14
[2026-10-03T07:09:34+08:00] OK   nope-ext fixed_start/seed41
[2026-10-03T07:09:41+08:00] OK   nope-ext not_random/seed0
[2026-10-03T07:09:47+08:00] OK   nope-ext not_random/seed14
[2026-10-03T07:09:55+08:00] OK   nope-ext not_random/seed41
[2026-10-03T07:10:02+08:00] FAIL cald-pilot cald_long/seed0
[2026-10-03T07:10:09+08:00] FAIL cald-pilot cald_shuf/seed0
[2026-10-03T07:10:09+08:00] cald confirmatory waiting for .frozen_cald (§10c-13a amendment after pilot)
published 0 cells -> v2-results-cald
published 12 cells -> v2-results-lstm-gpu
published 15 cells -> v2-results-lstm-gpu-capmatch
[2026-10-03T07:10:30+08:00] OK   shuffle_control/seed0
[2026-10-03T07:10:37+08:00] OK   shuffle_nondeterministic/seed0
[2026-10-03T07:10:43+08:00] OK   shuffle_deterministic21/seed0
[2026-10-03T07:10:49+08:00] OK   shuffle_local3/seed0
[2026-10-03T07:10:56+08:00] OK   shuffle_local10/seed0
[2026-10-03T07:11:02+08:00] OK   shuffle_even_odd/seed0
[2026-10-03T07:11:09+08:00] OK   reverse_control/seed0
[2026-10-03T07:11:15+08:00] OK   reverse_partial/seed0
[2026-10-03T07:11:22+08:00] OK   reverse_full/seed0
[2026-10-03T07:11:29+08:00] OK   shuffle_control/seed14
[2026-10-03T07:11:35+08:00] OK   shuffle_nondeterministic/seed14
[2026-10-03T07:11:41+08:00] OK   shuffle_deterministic21/seed14
[2026-10-03T07:11:48+08:00] OK   shuffle_local3/seed14
[2026-10-03T07:11:54+08:00] OK   shuffle_local10/seed14
[2026-10-03T07:12:01+08:00] OK   shuffle_even_odd/seed14
[2026-10-03T07:12:08+08:00] OK   reverse_control/seed14
[2026-10-03T07:12:15+08:00] OK   reverse_partial/seed14
[2026-10-03T07:12:22+08:00] OK   reverse_full/seed14
[2026-10-03T07:12:30+08:00] OK   shuffle_control/seed41
[2026-10-03T07:12:37+08:00] OK   shuffle_nondeterministic/seed41
[2026-10-03T07:12:44+08:00] OK   shuffle_deterministic21/seed41
[2026-10-03T07:12:51+08:00] OK   shuffle_local3/seed41
[2026-10-03T07:12:58+08:00] OK   shuffle_local10/seed41
[2026-10-03T07:13:05+08:00] OK   shuffle_even_odd/seed41
[2026-10-03T07:13:13+08:00] OK   reverse_control/seed41
[2026-10-03T07:13:20+08:00] OK   reverse_partial/seed41
[2026-10-03T07:13:27+08:00] OK   reverse_full/seed41
[2026-10-03T07:13:34+08:00] OK   shuffle_control/seed53
[2026-10-03T07:13:41+08:00] OK   reverse_full/seed53
[2026-10-03T07:13:48+08:00] OK   parity_word/seed53
[2026-10-03T07:13:56+08:00] OK   fixed_start/seed53
[2026-10-03T07:14:03+08:00] OK   parity_tok/seed53
[2026-10-03T07:14:11+08:00] OK   negtok/seed53
[2026-10-03T07:14:17+08:00] OK   shuffle_control/seed96
[2026-10-03T07:14:25+08:00] OK   reverse_full/seed96
[2026-10-03T07:14:31+08:00] OK   parity_word/seed96
[2026-10-03T07:14:39+08:00] OK   fixed_start/seed96
[2026-10-03T07:14:45+08:00] OK   parity_tok/seed96
[2026-10-03T07:14:52+08:00] OK   negtok/seed96
[2026-10-03T07:14:59+08:00] OK   fixed_end/seed0
[2026-10-03T07:15:06+08:00] OK   fixed_end/seed14
[2026-10-03T07:15:13+08:00] OK   fixed_end/seed41
[2026-10-03T07:15:20+08:00] OK   6000step shuffle_control/seed14
[2026-10-03T07:15:26+08:00] OK   6000step parity_word/seed14
[2026-10-03T07:15:33+08:00] OK   6000step shuffle_control/seed41
[2026-10-03T07:15:39+08:00] OK   6000step parity_word/seed41
[2026-10-03T07:15:46+08:00] OK   9000step shuffle_control/seed0
[2026-10-03T07:15:52+08:00] OK   9000step parity_word/seed0
published 4 cells -> v2-results-datascale
published 0 cells -> v2-results-ladder-probe
published 0 cells -> v2-results-logo
published 15 cells -> v2-results-lstm-gpu-capmatch
[2026-10-03T07:16:14+08:00] OK   model-scale shuffle_control/seed0
[2026-10-03T07:17:59+08:00] FAIL model-scale parity_word/seed0
published 1 cells -> v2-results-model-scale
[2026-10-03T07:18:12+08:00] WARN probe smoke failed (analysis-side, does not block the grid)
[2026-10-03T07:18:12+08:00] kallini pass done: 67 runs complete, 3 failures
[2026-10-03T07:21:36+08:00] OK   parity_word/seed0
[2026-10-03T07:21:43+08:00] OK   fixed_start/seed0
[2026-10-03T07:21:51+08:00] OK   parity_tok/seed0
[2026-10-03T07:21:58+08:00] OK   negtok/seed0
[2026-10-03T07:22:05+08:00] OK   not_random/seed0
[2026-10-03T07:22:12+08:00] OK   parity_word/seed14
[2026-10-03T07:22:20+08:00] OK   fixed_start/seed14
[2026-10-03T07:22:27+08:00] OK   parity_tok/seed14
[2026-10-03T07:22:34+08:00] OK   negtok/seed14
[2026-10-03T07:22:42+08:00] OK   not_random/seed14
[2026-10-03T07:22:49+08:00] OK   parity_word/seed41
[2026-10-03T07:22:56+08:00] OK   fixed_start/seed41
[2026-10-03T07:23:04+08:00] OK   parity_tok/seed41
[2026-10-03T07:23:11+08:00] OK   negtok/seed41
[2026-10-03T07:23:18+08:00] OK   not_random/seed41
[2026-10-03T07:23:25+08:00] OK   6000step parity_word/seed0
[2026-10-03T07:23:32+08:00] OK   6000step fixed_start/seed0
[2026-10-03T07:23:39+08:00] OK   6000step shuffle_control/seed0
published 12 cells -> v2-results-nope
[2026-10-03T07:23:51+08:00] OK   nope-ext fixed_start/seed0
[2026-10-03T07:23:58+08:00] OK   nope-ext fixed_start/seed14
[2026-10-03T07:24:05+08:00] OK   nope-ext fixed_start/seed41
[2026-10-03T07:24:11+08:00] OK   nope-ext not_random/seed0
[2026-10-03T07:24:19+08:00] OK   nope-ext not_random/seed14
[2026-10-03T07:24:25+08:00] OK   nope-ext not_random/seed41
[2026-10-03T07:24:32+08:00] FAIL cald-pilot cald_long/seed0
[2026-10-03T07:24:39+08:00] FAIL cald-pilot cald_shuf/seed0
[2026-10-03T07:24:39+08:00] cald confirmatory waiting for .frozen_cald (§10c-13a amendment after pilot)
published 0 cells -> v2-results-cald
published 12 cells -> v2-results-lstm-gpu
published 15 cells -> v2-results-lstm-gpu-capmatch
[2026-10-03T07:24:58+08:00] OK   shuffle_control/seed0
[2026-10-03T07:25:04+08:00] OK   shuffle_nondeterministic/seed0
[2026-10-03T07:25:11+08:00] OK   shuffle_deterministic21/seed0
[2026-10-03T07:25:17+08:00] OK   shuffle_local3/seed0
[2026-10-03T07:25:24+08:00] OK   shuffle_local10/seed0
[2026-10-03T07:25:30+08:00] OK   shuffle_even_odd/seed0
[2026-10-03T07:25:37+08:00] OK   reverse_control/seed0
[2026-10-03T07:25:44+08:00] OK   reverse_partial/seed0
[2026-10-03T07:25:50+08:00] OK   reverse_full/seed0
[2026-10-03T07:25:56+08:00] OK   shuffle_control/seed14
[2026-10-03T07:26:03+08:00] OK   shuffle_nondeterministic/seed14
[2026-10-03T07:26:09+08:00] OK   shuffle_deterministic21/seed14
[2026-10-03T07:26:16+08:00] OK   shuffle_local3/seed14
[2026-10-03T07:26:22+08:00] OK   shuffle_local10/seed14
[2026-10-03T07:26:29+08:00] OK   shuffle_even_odd/seed14
[2026-10-03T07:26:36+08:00] OK   reverse_control/seed14
[2026-10-03T07:26:43+08:00] OK   reverse_partial/seed14
[2026-10-03T07:26:50+08:00] OK   reverse_full/seed14
[2026-10-03T07:26:57+08:00] OK   shuffle_control/seed41
[2026-10-03T07:27:05+08:00] OK   shuffle_nondeterministic/seed41
[2026-10-03T07:27:11+08:00] OK   shuffle_deterministic21/seed41
[2026-10-03T07:27:18+08:00] OK   shuffle_local3/seed41
[2026-10-03T07:27:26+08:00] OK   shuffle_local10/seed41
[2026-10-03T07:27:33+08:00] OK   shuffle_even_odd/seed41
[2026-10-03T07:27:41+08:00] OK   reverse_control/seed41
[2026-10-03T07:27:48+08:00] OK   reverse_partial/seed41
[2026-10-03T07:27:56+08:00] OK   reverse_full/seed41
[2026-10-03T07:28:03+08:00] OK   shuffle_control/seed53
[2026-10-03T07:28:10+08:00] OK   reverse_full/seed53
[2026-10-03T07:28:17+08:00] OK   parity_word/seed53
[2026-10-03T07:28:24+08:00] OK   fixed_start/seed53
[2026-10-03T07:28:32+08:00] OK   parity_tok/seed53
[2026-10-03T07:28:39+08:00] OK   negtok/seed53
[2026-10-03T07:28:46+08:00] OK   shuffle_control/seed96
[2026-10-03T07:28:53+08:00] OK   reverse_full/seed96
[2026-10-03T07:29:00+08:00] OK   parity_word/seed96
[2026-10-03T07:29:07+08:00] OK   fixed_start/seed96
[2026-10-03T07:29:13+08:00] OK   parity_tok/seed96
[2026-10-03T07:29:20+08:00] OK   negtok/seed96
[2026-10-03T07:29:27+08:00] OK   fixed_end/seed0
[2026-10-03T07:29:34+08:00] OK   fixed_end/seed14
[2026-10-03T07:29:41+08:00] OK   fixed_end/seed41
[2026-10-03T07:29:48+08:00] OK   6000step shuffle_control/seed14
[2026-10-03T07:29:54+08:00] OK   6000step parity_word/seed14
[2026-10-03T07:30:01+08:00] OK   6000step shuffle_control/seed41
[2026-10-03T07:30:08+08:00] OK   6000step parity_word/seed41
[2026-10-03T07:30:14+08:00] OK   9000step shuffle_control/seed0
[2026-10-03T07:30:20+08:00] OK   9000step parity_word/seed0
published 4 cells -> v2-results-datascale
published 0 cells -> v2-results-ladder-probe
published 0 cells -> v2-results-logo
published 15 cells -> v2-results-lstm-gpu-capmatch
[2026-10-03T07:30:42+08:00] OK   model-scale shuffle_control/seed0
[2026-10-03T07:32:25+08:00] FAIL model-scale parity_word/seed0
published 1 cells -> v2-results-model-scale
[2026-10-03T07:32:38+08:00] WARN probe smoke failed (analysis-side, does not block the grid)
[2026-10-03T07:32:38+08:00] kallini pass done: 67 runs complete, 3 failures
[2026-10-03T07:36:03+08:00] OK   parity_word/seed0
[2026-10-03T07:36:10+08:00] OK   fixed_start/seed0
[2026-10-03T07:36:17+08:00] OK   parity_tok/seed0
[2026-10-03T07:36:25+08:00] OK   negtok/seed0
[2026-10-03T07:36:32+08:00] OK   not_random/seed0
[2026-10-03T07:36:39+08:00] OK   parity_word/seed14
[2026-10-03T07:36:46+08:00] OK   fixed_start/seed14
[2026-10-03T07:36:53+08:00] OK   parity_tok/seed14
[2026-10-03T07:37:01+08:00] OK   negtok/seed14
[2026-10-03T07:37:07+08:00] OK   not_random/seed14
[2026-10-03T07:37:14+08:00] OK   parity_word/seed41
[2026-10-03T07:37:21+08:00] OK   fixed_start/seed41
[2026-10-03T07:37:27+08:00] OK   parity_tok/seed41
[2026-10-03T07:37:34+08:00] OK   negtok/seed41
[2026-10-03T07:37:41+08:00] OK   not_random/seed41
[2026-10-03T07:37:48+08:00] OK   6000step parity_word/seed0
[2026-10-03T07:37:55+08:00] OK   6000step fixed_start/seed0
[2026-10-03T07:38:02+08:00] OK   6000step shuffle_control/seed0
published 12 cells -> v2-results-nope
[2026-10-03T07:38:14+08:00] OK   nope-ext fixed_start/seed0
[2026-10-03T07:38:20+08:00] OK   nope-ext fixed_start/seed14
[2026-10-03T07:38:28+08:00] OK   nope-ext fixed_start/seed41
[2026-10-03T07:38:34+08:00] OK   nope-ext not_random/seed0
[2026-10-03T07:38:41+08:00] OK   nope-ext not_random/seed14
[2026-10-03T07:38:48+08:00] OK   nope-ext not_random/seed41
[2026-10-03T07:38:55+08:00] FAIL cald-pilot cald_long/seed0
[2026-10-03T07:39:02+08:00] FAIL cald-pilot cald_shuf/seed0
[2026-10-03T07:39:02+08:00] cald confirmatory waiting for .frozen_cald (§10c-13a amendment after pilot)
published 0 cells -> v2-results-cald
published 12 cells -> v2-results-lstm-gpu
published 15 cells -> v2-results-lstm-gpu-capmatch
[2026-10-03T07:39:20+08:00] OK   shuffle_control/seed0
[2026-10-03T07:39:27+08:00] OK   shuffle_nondeterministic/seed0
[2026-10-03T07:39:34+08:00] OK   shuffle_deterministic21/seed0
[2026-10-03T07:39:41+08:00] OK   shuffle_local3/seed0
[2026-10-03T07:39:47+08:00] OK   shuffle_local10/seed0
[2026-10-03T07:39:54+08:00] OK   shuffle_even_odd/seed0
[2026-10-03T07:40:01+08:00] OK   reverse_control/seed0
[2026-10-03T07:40:07+08:00] OK   reverse_partial/seed0
[2026-10-03T07:40:13+08:00] OK   reverse_full/seed0
[2026-10-03T07:40:20+08:00] OK   shuffle_control/seed14
[2026-10-03T07:40:26+08:00] OK   shuffle_nondeterministic/seed14
[2026-10-03T07:40:33+08:00] OK   shuffle_deterministic21/seed14
[2026-10-03T07:40:39+08:00] OK   shuffle_local3/seed14
[2026-10-03T07:40:45+08:00] OK   shuffle_local10/seed14
[2026-10-03T07:40:52+08:00] OK   shuffle_even_odd/seed14
[2026-10-03T07:40:58+08:00] OK   reverse_control/seed14
[2026-10-03T07:41:05+08:00] OK   reverse_partial/seed14
[2026-10-03T07:41:12+08:00] OK   reverse_full/seed14
[2026-10-03T07:41:19+08:00] OK   shuffle_control/seed41
[2026-10-03T07:41:26+08:00] OK   shuffle_nondeterministic/seed41
[2026-10-03T07:41:33+08:00] OK   shuffle_deterministic21/seed41
[2026-10-03T07:41:40+08:00] OK   shuffle_local3/seed41
[2026-10-03T07:41:47+08:00] OK   shuffle_local10/seed41
[2026-10-03T07:41:54+08:00] OK   shuffle_even_odd/seed41
[2026-10-03T07:42:00+08:00] OK   reverse_control/seed41
[2026-10-03T07:42:07+08:00] OK   reverse_partial/seed41
[2026-10-03T07:42:14+08:00] OK   reverse_full/seed41
[2026-10-03T07:42:21+08:00] OK   shuffle_control/seed53
[2026-10-03T07:42:28+08:00] OK   reverse_full/seed53
[2026-10-03T07:42:34+08:00] OK   parity_word/seed53
[2026-10-03T07:42:41+08:00] OK   fixed_start/seed53
[2026-10-03T07:42:49+08:00] OK   parity_tok/seed53
[2026-10-03T07:42:56+08:00] OK   negtok/seed53
[2026-10-03T07:43:03+08:00] OK   shuffle_control/seed96
[2026-10-03T07:43:09+08:00] OK   reverse_full/seed96
[2026-10-03T07:43:16+08:00] OK   parity_word/seed96
[2026-10-03T07:43:22+08:00] OK   fixed_start/seed96
[2026-10-03T07:43:29+08:00] OK   parity_tok/seed96
[2026-10-03T07:43:36+08:00] OK   negtok/seed96
[2026-10-03T07:43:43+08:00] OK   fixed_end/seed0
[2026-10-03T07:43:50+08:00] OK   fixed_end/seed14
[2026-10-03T07:43:56+08:00] OK   fixed_end/seed41
[2026-10-03T07:44:03+08:00] OK   6000step shuffle_control/seed14
[2026-10-03T07:44:10+08:00] OK   6000step parity_word/seed14
[2026-10-03T07:44:17+08:00] OK   6000step shuffle_control/seed41
[2026-10-03T07:44:23+08:00] OK   6000step parity_word/seed41
[2026-10-03T07:44:30+08:00] OK   9000step shuffle_control/seed0
[2026-10-03T07:44:37+08:00] OK   9000step parity_word/seed0
publish FAILED (see experiments_v2/kallini_repro/results_datascale/publish.log)
[2026-10-03T07:44:46+08:00] WARN datascale publish failed
published 0 cells -> v2-results-ladder-probe
published 0 cells -> v2-results-logo
published 15 cells -> v2-results-lstm-gpu-capmatch
[2026-10-03T07:45:03+08:00] OK   model-scale shuffle_control/seed0
[2026-10-03T07:46:45+08:00] FAIL model-scale parity_word/seed0
published 1 cells -> v2-results-model-scale
[2026-10-03T07:46:56+08:00] WARN probe smoke failed (analysis-side, does not block the grid)
[2026-10-03T07:46:56+08:00] kallini pass done: 67 runs complete, 3 failures
[2026-10-03T07:50:20+08:00] OK   parity_word/seed0
[2026-10-03T07:50:27+08:00] OK   fixed_start/seed0
[2026-10-03T07:50:34+08:00] OK   parity_tok/seed0
[2026-10-03T07:50:41+08:00] OK   negtok/seed0
[2026-10-03T07:50:47+08:00] OK   not_random/seed0
[2026-10-03T07:50:54+08:00] OK   parity_word/seed14
[2026-10-03T07:51:01+08:00] OK   fixed_start/seed14
[2026-10-03T07:51:08+08:00] OK   parity_tok/seed14
[2026-10-03T07:51:14+08:00] OK   negtok/seed14
[2026-10-03T07:51:21+08:00] OK   not_random/seed14
[2026-10-03T07:51:27+08:00] OK   parity_word/seed41
[2026-10-03T07:51:34+08:00] OK   fixed_start/seed41
[2026-10-03T07:51:40+08:00] OK   parity_tok/seed41
[2026-10-03T07:51:47+08:00] OK   negtok/seed41
[2026-10-03T07:51:54+08:00] OK   not_random/seed41
[2026-10-03T07:52:00+08:00] OK   6000step parity_word/seed0
[2026-10-03T07:52:07+08:00] OK   6000step fixed_start/seed0
[2026-10-03T07:52:14+08:00] OK   6000step shuffle_control/seed0
published 12 cells -> v2-results-nope
[2026-10-03T07:52:25+08:00] OK   nope-ext fixed_start/seed0
[2026-10-03T07:52:31+08:00] OK   nope-ext fixed_start/seed14
[2026-10-03T07:52:38+08:00] OK   nope-ext fixed_start/seed41
[2026-10-03T07:52:45+08:00] OK   nope-ext not_random/seed0
[2026-10-03T07:52:51+08:00] OK   nope-ext not_random/seed14
[2026-10-03T07:52:58+08:00] OK   nope-ext not_random/seed41
[2026-10-03T07:53:04+08:00] FAIL cald-pilot cald_long/seed0
[2026-10-03T07:53:11+08:00] FAIL cald-pilot cald_shuf/seed0
[2026-10-03T07:53:11+08:00] cald confirmatory waiting for .frozen_cald (§10c-13a amendment after pilot)
published 0 cells -> v2-results-cald
published 12 cells -> v2-results-lstm-gpu
published 15 cells -> v2-results-lstm-gpu-capmatch
[2026-10-03T07:53:28+08:00] OK   shuffle_control/seed0
[2026-10-03T07:53:35+08:00] OK   shuffle_nondeterministic/seed0
[2026-10-03T07:53:42+08:00] OK   shuffle_deterministic21/seed0
[2026-10-03T07:53:48+08:00] OK   shuffle_local3/seed0
[2026-10-03T07:53:55+08:00] OK   shuffle_local10/seed0
[2026-10-03T07:54:02+08:00] OK   shuffle_even_odd/seed0
[2026-10-03T07:54:08+08:00] OK   reverse_control/seed0
[2026-10-03T07:54:14+08:00] OK   reverse_partial/seed0
[2026-10-03T07:54:20+08:00] OK   reverse_full/seed0
[2026-10-03T07:54:27+08:00] OK   shuffle_control/seed14
[2026-10-03T07:54:34+08:00] OK   shuffle_nondeterministic/seed14
[2026-10-03T07:54:40+08:00] OK   shuffle_deterministic21/seed14
[2026-10-03T07:54:46+08:00] OK   shuffle_local3/seed14
[2026-10-03T07:54:52+08:00] OK   shuffle_local10/seed14
[2026-10-03T07:54:59+08:00] OK   shuffle_even_odd/seed14
[2026-10-03T07:55:05+08:00] OK   reverse_control/seed14
[2026-10-03T07:55:12+08:00] OK   reverse_partial/seed14
[2026-10-03T07:55:18+08:00] OK   reverse_full/seed14
[2026-10-03T07:55:25+08:00] OK   shuffle_control/seed41
[2026-10-03T07:55:31+08:00] OK   shuffle_nondeterministic/seed41
[2026-10-03T07:55:39+08:00] OK   shuffle_deterministic21/seed41
[2026-10-03T07:55:45+08:00] OK   shuffle_local3/seed41
[2026-10-03T07:55:52+08:00] OK   shuffle_local10/seed41
[2026-10-03T07:55:59+08:00] OK   shuffle_even_odd/seed41
[2026-10-03T07:56:05+08:00] OK   reverse_control/seed41
[2026-10-03T07:56:12+08:00] OK   reverse_partial/seed41
[2026-10-03T07:56:18+08:00] OK   reverse_full/seed41
[2026-10-03T07:56:26+08:00] OK   shuffle_control/seed53
[2026-10-03T07:56:33+08:00] OK   reverse_full/seed53
[2026-10-03T07:56:39+08:00] OK   parity_word/seed53
[2026-10-03T07:56:46+08:00] OK   fixed_start/seed53
[2026-10-03T07:56:52+08:00] OK   parity_tok/seed53
[2026-10-03T07:56:59+08:00] OK   negtok/seed53
[2026-10-03T07:57:06+08:00] OK   shuffle_control/seed96
[2026-10-03T07:57:13+08:00] OK   reverse_full/seed96
[2026-10-03T07:57:19+08:00] OK   parity_word/seed96
[2026-10-03T07:57:26+08:00] OK   fixed_start/seed96
[2026-10-03T07:57:33+08:00] OK   parity_tok/seed96
[2026-10-03T07:57:40+08:00] OK   negtok/seed96
[2026-10-03T07:57:47+08:00] OK   fixed_end/seed0
[2026-10-03T07:57:53+08:00] OK   fixed_end/seed14
[2026-10-03T07:58:00+08:00] OK   fixed_end/seed41
[2026-10-03T07:58:07+08:00] OK   6000step shuffle_control/seed14
[2026-10-03T07:58:13+08:00] OK   6000step parity_word/seed14
[2026-10-03T07:58:19+08:00] OK   6000step shuffle_control/seed41
[2026-10-03T07:58:26+08:00] OK   6000step parity_word/seed41
[2026-10-03T07:58:33+08:00] OK   9000step shuffle_control/seed0
[2026-10-03T07:58:39+08:00] OK   9000step parity_word/seed0
published 4 cells -> v2-results-datascale
published 0 cells -> v2-results-ladder-probe
published 0 cells -> v2-results-logo
published 15 cells -> v2-results-lstm-gpu-capmatch
[2026-10-03T07:58:59+08:00] OK   model-scale shuffle_control/seed0
[2026-10-03T08:00:46+08:00] FAIL model-scale parity_word/seed0
published 1 cells -> v2-results-model-scale
[2026-10-03T08:00:59+08:00] WARN probe smoke failed (analysis-side, does not block the grid)
[2026-10-03T08:00:59+08:00] kallini pass done: 67 runs complete, 3 failures
[2026-10-03T08:04:23+08:00] OK   parity_word/seed0
[2026-10-03T08:04:30+08:00] OK   fixed_start/seed0
[2026-10-03T08:04:37+08:00] OK   parity_tok/seed0
[2026-10-03T08:04:44+08:00] OK   negtok/seed0
[2026-10-03T08:04:51+08:00] OK   not_random/seed0
[2026-10-03T08:04:58+08:00] OK   parity_word/seed14
[2026-10-03T08:05:04+08:00] OK   fixed_start/seed14
[2026-10-03T08:05:11+08:00] OK   parity_tok/seed14
[2026-10-03T08:05:18+08:00] OK   negtok/seed14
[2026-10-03T08:05:24+08:00] OK   not_random/seed14
[2026-10-03T08:05:31+08:00] OK   parity_word/seed41
[2026-10-03T08:05:38+08:00] OK   fixed_start/seed41
[2026-10-03T08:05:44+08:00] OK   parity_tok/seed41
[2026-10-03T08:05:51+08:00] OK   negtok/seed41
[2026-10-03T08:05:58+08:00] OK   not_random/seed41
[2026-10-03T08:06:04+08:00] OK   6000step parity_word/seed0
[2026-10-03T08:06:11+08:00] OK   6000step fixed_start/seed0
[2026-10-03T08:06:18+08:00] OK   6000step shuffle_control/seed0
published 12 cells -> v2-results-nope
[2026-10-03T08:06:29+08:00] OK   nope-ext fixed_start/seed0
[2026-10-03T08:06:36+08:00] OK   nope-ext fixed_start/seed14
[2026-10-03T08:06:43+08:00] OK   nope-ext fixed_start/seed41
[2026-10-03T08:06:50+08:00] OK   nope-ext not_random/seed0
[2026-10-03T08:06:57+08:00] OK   nope-ext not_random/seed14
[2026-10-03T08:07:04+08:00] OK   nope-ext not_random/seed41
[2026-10-03T08:07:11+08:00] FAIL cald-pilot cald_long/seed0
[2026-10-03T08:07:18+08:00] FAIL cald-pilot cald_shuf/seed0
[2026-10-03T08:07:18+08:00] cald confirmatory waiting for .frozen_cald (§10c-13a amendment after pilot)
published 0 cells -> v2-results-cald
published 12 cells -> v2-results-lstm-gpu
published 15 cells -> v2-results-lstm-gpu-capmatch
[2026-10-03T08:07:37+08:00] OK   shuffle_control/seed0
[2026-10-03T08:07:44+08:00] OK   shuffle_nondeterministic/seed0
[2026-10-03T08:07:51+08:00] OK   shuffle_deterministic21/seed0
[2026-10-03T08:07:58+08:00] OK   shuffle_local3/seed0
[2026-10-03T08:08:04+08:00] OK   shuffle_local10/seed0
[2026-10-03T08:08:11+08:00] OK   shuffle_even_odd/seed0
[2026-10-03T08:08:18+08:00] OK   reverse_control/seed0
[2026-10-03T08:08:24+08:00] OK   reverse_partial/seed0
[2026-10-03T08:08:30+08:00] OK   reverse_full/seed0
[2026-10-03T08:08:36+08:00] OK   shuffle_control/seed14
[2026-10-03T08:08:43+08:00] OK   shuffle_nondeterministic/seed14
[2026-10-03T08:08:49+08:00] OK   shuffle_deterministic21/seed14
[2026-10-03T08:08:55+08:00] OK   shuffle_local3/seed14
[2026-10-03T08:09:01+08:00] OK   shuffle_local10/seed14
[2026-10-03T08:09:07+08:00] OK   shuffle_even_odd/seed14
[2026-10-03T08:09:13+08:00] OK   reverse_control/seed14
[2026-10-03T08:09:20+08:00] OK   reverse_partial/seed14
[2026-10-03T08:09:26+08:00] OK   reverse_full/seed14
[2026-10-03T08:09:33+08:00] OK   shuffle_control/seed41
[2026-10-03T08:09:39+08:00] OK   shuffle_nondeterministic/seed41
[2026-10-03T08:09:46+08:00] OK   shuffle_deterministic21/seed41
[2026-10-03T08:09:53+08:00] OK   shuffle_local3/seed41
[2026-10-03T08:09:59+08:00] OK   shuffle_local10/seed41
[2026-10-03T08:10:06+08:00] OK   shuffle_even_odd/seed41
[2026-10-03T08:10:12+08:00] OK   reverse_control/seed41
[2026-10-03T08:10:20+08:00] OK   reverse_partial/seed41
[2026-10-03T08:10:26+08:00] OK   reverse_full/seed41
[2026-10-03T08:10:33+08:00] OK   shuffle_control/seed53
[2026-10-03T08:10:39+08:00] OK   reverse_full/seed53
[2026-10-03T08:10:46+08:00] OK   parity_word/seed53
[2026-10-03T08:10:53+08:00] OK   fixed_start/seed53
[2026-10-03T08:10:59+08:00] OK   parity_tok/seed53
[2026-10-03T08:11:06+08:00] OK   negtok/seed53
[2026-10-03T08:11:12+08:00] OK   shuffle_control/seed96
[2026-10-03T08:11:19+08:00] OK   reverse_full/seed96
[2026-10-03T08:11:25+08:00] OK   parity_word/seed96
[2026-10-03T08:11:32+08:00] OK   fixed_start/seed96
[2026-10-03T08:11:38+08:00] OK   parity_tok/seed96
[2026-10-03T08:11:45+08:00] OK   negtok/seed96
[2026-10-03T08:11:51+08:00] OK   fixed_end/seed0
[2026-10-03T08:11:58+08:00] OK   fixed_end/seed14
[2026-10-03T08:12:05+08:00] OK   fixed_end/seed41
[2026-10-03T08:12:11+08:00] OK   6000step shuffle_control/seed14
[2026-10-03T08:12:19+08:00] OK   6000step parity_word/seed14
[2026-10-03T08:12:25+08:00] OK   6000step shuffle_control/seed41
[2026-10-03T08:12:32+08:00] OK   6000step parity_word/seed41
[2026-10-03T08:12:38+08:00] OK   9000step shuffle_control/seed0
[2026-10-03T08:12:45+08:00] OK   9000step parity_word/seed0
published 4 cells -> v2-results-datascale
published 0 cells -> v2-results-ladder-probe
published 0 cells -> v2-results-logo
published 15 cells -> v2-results-lstm-gpu-capmatch
[2026-10-03T08:13:06+08:00] OK   model-scale shuffle_control/seed0
[2026-10-03T08:14:46+08:00] FAIL model-scale parity_word/seed0
published 1 cells -> v2-results-model-scale
[2026-10-03T08:14:58+08:00] WARN probe smoke failed (analysis-side, does not block the grid)
[2026-10-03T08:14:59+08:00] kallini pass done: 67 runs complete, 3 failures
[2026-10-03T08:18:22+08:00] OK   parity_word/seed0
[2026-10-03T08:18:29+08:00] OK   fixed_start/seed0
[2026-10-03T08:18:37+08:00] OK   parity_tok/seed0
[2026-10-03T08:18:44+08:00] OK   negtok/seed0
[2026-10-03T08:18:50+08:00] OK   not_random/seed0
[2026-10-03T08:18:57+08:00] OK   parity_word/seed14
[2026-10-03T08:19:03+08:00] OK   fixed_start/seed14
[2026-10-03T08:19:11+08:00] OK   parity_tok/seed14
[2026-10-03T08:19:17+08:00] OK   negtok/seed14
[2026-10-03T08:19:24+08:00] OK   not_random/seed14
[2026-10-03T08:19:30+08:00] OK   parity_word/seed41
[2026-10-03T08:19:37+08:00] OK   fixed_start/seed41
[2026-10-03T08:19:44+08:00] OK   parity_tok/seed41
[2026-10-03T08:19:50+08:00] OK   negtok/seed41
[2026-10-03T08:19:57+08:00] OK   not_random/seed41
[2026-10-03T08:20:04+08:00] OK   6000step parity_word/seed0
[2026-10-03T08:20:11+08:00] OK   6000step fixed_start/seed0
[2026-10-03T08:20:18+08:00] OK   6000step shuffle_control/seed0
published 12 cells -> v2-results-nope
[2026-10-03T08:20:30+08:00] OK   nope-ext fixed_start/seed0
[2026-10-03T08:20:37+08:00] OK   nope-ext fixed_start/seed14
[2026-10-03T08:20:43+08:00] OK   nope-ext fixed_start/seed41
[2026-10-03T08:20:50+08:00] OK   nope-ext not_random/seed0
[2026-10-03T08:20:57+08:00] OK   nope-ext not_random/seed14
[2026-10-03T08:21:04+08:00] OK   nope-ext not_random/seed41
[2026-10-03T08:21:11+08:00] FAIL cald-pilot cald_long/seed0
[2026-10-03T08:21:18+08:00] FAIL cald-pilot cald_shuf/seed0
[2026-10-03T08:21:18+08:00] cald confirmatory waiting for .frozen_cald (§10c-13a amendment after pilot)
published 0 cells -> v2-results-cald
published 12 cells -> v2-results-lstm-gpu
published 15 cells -> v2-results-lstm-gpu-capmatch
[2026-10-03T08:21:34+08:00] OK   shuffle_control/seed0
[2026-10-03T08:21:41+08:00] OK   shuffle_nondeterministic/seed0
[2026-10-03T08:21:48+08:00] OK   shuffle_deterministic21/seed0
[2026-10-03T08:21:54+08:00] OK   shuffle_local3/seed0
[2026-10-03T08:22:01+08:00] OK   shuffle_local10/seed0
[2026-10-03T08:22:08+08:00] OK   shuffle_even_odd/seed0
[2026-10-03T08:22:15+08:00] OK   reverse_control/seed0
[2026-10-03T08:22:22+08:00] OK   reverse_partial/seed0
[2026-10-03T22:18:50+08:00] OK   parity_word/seed0
[2026-10-03T22:18:58+08:00] OK   fixed_start/seed0
[2026-10-03T22:19:08+08:00] OK   parity_tok/seed0
[2026-10-03T22:19:18+08:00] OK   negtok/seed0
[2026-10-03T22:19:26+08:00] OK   not_random/seed0
[2026-10-03T22:19:34+08:00] OK   parity_word/seed14
[2026-10-03T22:19:44+08:00] OK   fixed_start/seed14
[2026-10-03T22:19:54+08:00] OK   parity_tok/seed14
[2026-10-03T22:20:03+08:00] OK   negtok/seed14
[2026-10-03T22:20:22+08:00] OK   not_random/seed14
[2026-10-03T22:20:33+08:00] OK   parity_word/seed41
[2026-10-03T22:20:41+08:00] OK   fixed_start/seed41
[2026-10-03T22:20:50+08:00] OK   parity_tok/seed41
[2026-10-03T22:21:01+08:00] OK   negtok/seed41
[2026-10-03T22:21:10+08:00] OK   not_random/seed41
[2026-10-03T22:21:19+08:00] OK   6000step parity_word/seed0
[2026-10-03T22:21:28+08:00] OK   6000step fixed_start/seed0
[2026-10-03T22:21:36+08:00] OK   6000step shuffle_control/seed0
published 12 cells -> v2-results-nope
[2026-10-03T22:21:52+08:00] OK   nope-ext fixed_start/seed0
[2026-10-03T22:22:00+08:00] OK   nope-ext fixed_start/seed14
[2026-10-03T22:22:11+08:00] OK   nope-ext fixed_start/seed41
[2026-10-03T22:22:19+08:00] OK   nope-ext not_random/seed0
[2026-10-03T22:22:28+08:00] OK   nope-ext not_random/seed14
[2026-10-03T22:22:37+08:00] OK   nope-ext not_random/seed41
[2026-10-03T22:22:47+08:00] FAIL cald-pilot cald_long/seed0
[2026-10-03T22:22:55+08:00] FAIL cald-pilot cald_shuf/seed0
[2026-10-03T22:22:55+08:00] cald confirmatory waiting for .frozen_cald (§10c-13a amendment after pilot)
published 0 cells -> v2-results-cald
published 12 cells -> v2-results-lstm-gpu
published 15 cells -> v2-results-lstm-gpu-capmatch
[2026-10-03T22:23:20+08:00] OK   shuffle_control/seed0
[2026-10-03T22:23:30+08:00] OK   shuffle_nondeterministic/seed0
[2026-10-03T22:23:39+08:00] OK   shuffle_deterministic21/seed0
[2026-10-03T22:23:47+08:00] OK   shuffle_local3/seed0
[2026-10-03T22:23:55+08:00] OK   shuffle_local10/seed0
[2026-10-03T22:24:03+08:00] OK   shuffle_even_odd/seed0
[2026-10-03T22:24:13+08:00] OK   reverse_control/seed0
[2026-10-03T22:24:22+08:00] OK   reverse_partial/seed0
[2026-10-03T22:24:33+08:00] OK   reverse_full/seed0
[2026-10-03T22:24:41+08:00] OK   shuffle_control/seed14
[2026-10-03T22:24:51+08:00] OK   shuffle_nondeterministic/seed14
[2026-10-03T22:25:01+08:00] OK   shuffle_deterministic21/seed14
[2026-10-03T22:25:09+08:00] OK   shuffle_local3/seed14
[2026-10-03T22:25:17+08:00] OK   shuffle_local10/seed14
[2026-10-03T22:25:27+08:00] OK   shuffle_even_odd/seed14
[2026-10-03T22:25:36+08:00] OK   reverse_control/seed14
[2026-10-03T22:25:46+08:00] OK   reverse_partial/seed14
[2026-10-03T22:25:55+08:00] OK   reverse_full/seed14
[2026-10-03T22:26:04+08:00] OK   shuffle_control/seed41
[2026-10-03T22:26:13+08:00] OK   shuffle_nondeterministic/seed41
[2026-10-03T22:26:23+08:00] OK   shuffle_deterministic21/seed41
[2026-10-03T22:26:32+08:00] OK   shuffle_local3/seed41
[2026-10-03T22:26:40+08:00] OK   shuffle_local10/seed41
[2026-10-03T22:26:49+08:00] OK   shuffle_even_odd/seed41
[2026-10-03T22:26:57+08:00] OK   reverse_control/seed41
[2026-10-03T22:27:06+08:00] OK   reverse_partial/seed41
[2026-10-03T22:27:14+08:00] OK   reverse_full/seed41
[2026-10-03T22:27:23+08:00] OK   shuffle_control/seed53
[2026-10-03T22:27:33+08:00] OK   reverse_full/seed53
[2026-10-03T22:27:43+08:00] OK   parity_word/seed53
[2026-10-03T22:27:52+08:00] OK   fixed_start/seed53
[2026-10-03T22:28:01+08:00] OK   parity_tok/seed53
[2026-10-03T22:28:14+08:00] OK   negtok/seed53
[2026-10-03T22:28:23+08:00] OK   shuffle_control/seed96
[2026-10-03T22:28:32+08:00] OK   reverse_full/seed96
[2026-10-03T22:28:41+08:00] OK   parity_word/seed96
[2026-10-03T22:28:50+08:00] OK   fixed_start/seed96
[2026-10-03T22:29:01+08:00] OK   parity_tok/seed96
[2026-10-03T22:29:10+08:00] OK   negtok/seed96
[2026-10-03T22:29:19+08:00] OK   fixed_end/seed0
[2026-10-03T22:29:28+08:00] OK   fixed_end/seed14
[2026-10-03T22:29:36+08:00] OK   fixed_end/seed41
[2026-10-03T22:29:44+08:00] OK   6000step shuffle_control/seed14
[2026-10-03T22:29:52+08:00] OK   6000step parity_word/seed14
[2026-10-03T22:30:00+08:00] OK   6000step shuffle_control/seed41
[2026-10-03T22:30:09+08:00] OK   6000step parity_word/seed41
[2026-10-03T22:30:18+08:00] OK   9000step shuffle_control/seed0
[2026-10-03T22:30:27+08:00] OK   9000step parity_word/seed0
published 4 cells -> v2-results-datascale
published 0 cells -> v2-results-ladder-probe
published 0 cells -> v2-results-logo
published 15 cells -> v2-results-lstm-gpu-capmatch
[2026-10-03T22:30:59+08:00] OK   model-scale shuffle_control/seed0
